Archive member included to satisfy reference by file (symbol)

/opt/devkitpro/libogc/lib/wii/libwiiuse.a(wpad.o)
                              main.o (WPAD_Init)
/opt/devkitpro/libogc/lib/wii/libwiiuse.a(motion_plus.o)
                              /opt/devkitpro/libogc/lib/wii/libwiiuse.a(wpad.o) (wiiuse_set_motion_plus)
/opt/devkitpro/libogc/lib/wii/libwiiuse.a(dynamics.o)
                              /opt/devkitpro/libogc/lib/wii/libwiiuse.a(wpad.o) (calculate_gforce)
/opt/devkitpro/libogc/lib/wii/libwiiuse.a(io.o)
                              /opt/devkitpro/libogc/lib/wii/libwiiuse.a(motion_plus.o) (wiiuse_disable_expansion)
/opt/devkitpro/libogc/lib/wii/libwiiuse.a(io_wii.o)
                              /opt/devkitpro/libogc/lib/wii/libwiiuse.a(wpad.o) (__wiiuse_sensorbar_enable)
/opt/devkitpro/libogc/lib/wii/libwiiuse.a(ir.o)
                              /opt/devkitpro/libogc/lib/wii/libwiiuse.a(motion_plus.o) (wiiuse_set_ir_mode)
/opt/devkitpro/libogc/lib/wii/libwiiuse.a(nunchuk.o)
                              /opt/devkitpro/libogc/lib/wii/libwiiuse.a(io.o) (nunchuk_handshake)
/opt/devkitpro/libogc/lib/wii/libwiiuse.a(wiiboard.o)
                              /opt/devkitpro/libogc/lib/wii/libwiiuse.a(io.o) (wii_board_handshake)
/opt/devkitpro/libogc/lib/wii/libwiiuse.a(wiiuse.o)
                              /opt/devkitpro/libogc/lib/wii/libwiiuse.a(wpad.o) (wiiuse_init)
/opt/devkitpro/libogc/lib/wii/libwiiuse.a(speaker.o)
                              /opt/devkitpro/libogc/lib/wii/libwiiuse.a(wpad.o) (wencdata)
/opt/devkitpro/libogc/lib/wii/libwiiuse.a(classic.o)
                              /opt/devkitpro/libogc/lib/wii/libwiiuse.a(io.o) (classic_ctrl_handshake)
/opt/devkitpro/libogc/lib/wii/libwiiuse.a(events.o)
                              /opt/devkitpro/libogc/lib/wii/libwiiuse.a(io_wii.o) (parse_event)
/opt/devkitpro/libogc/lib/wii/libwiiuse.a(guitar_hero_3.o)
                              /opt/devkitpro/libogc/lib/wii/libwiiuse.a(io.o) (guitar_hero_3_handshake)
/opt/devkitpro/libogc/lib/wii/libbte.a(bte.o)
                              /opt/devkitpro/libogc/lib/wii/libwiiuse.a(wpad.o) (BTE_Init)
/opt/devkitpro/libogc/lib/wii/libbte.a(hci.o)
                              /opt/devkitpro/libogc/lib/wii/libbte.a(bte.o) (hci_init)
/opt/devkitpro/libogc/lib/wii/libbte.a(l2cap.o)
                              /opt/devkitpro/libogc/lib/wii/libbte.a(bte.o) (l2cap_init)
/opt/devkitpro/libogc/lib/wii/libbte.a(btmemb.o)
                              /opt/devkitpro/libogc/lib/wii/libbte.a(bte.o) (btmemb_init)
/opt/devkitpro/libogc/lib/wii/libbte.a(btmemr.o)
                              /opt/devkitpro/libogc/lib/wii/libbte.a(hci.o) (btmemr_init)
/opt/devkitpro/libogc/lib/wii/libbte.a(btpbuf.o)
                              /opt/devkitpro/libogc/lib/wii/libbte.a(hci.o) (btpbuf_init)
/opt/devkitpro/libogc/lib/wii/libbte.a(physbusif.o)
                              /opt/devkitpro/libogc/lib/wii/libbte.a(bte.o) (physbusif_init)
/opt/devkitpro/libogc/lib/wii/libogc.a(lwp_queue.o)
                              /opt/devkitpro/libogc/lib/wii/libwiiuse.a(io_wii.o) (__lwp_queue_initialize)
/opt/devkitpro/libogc/lib/wii/libogc.a(lwp_threads.o)
                              /opt/devkitpro/libogc/lib/wii/libwiiuse.a(wpad.o) (_thread_dispatch_disable_level)
/opt/devkitpro/libogc/lib/wii/libogc.a(lwp.o)
                              /opt/devkitpro/libogc/lib/wii/libbte.a(bte.o) (LWP_InitQueue)
/opt/devkitpro/libogc/lib/wii/libogc.a(lwp_handler.o)
                              /opt/devkitpro/libogc/lib/wii/libogc.a(lwp_threads.o) (_cpu_context_save_fp)
/opt/devkitpro/libogc/lib/wii/libogc.a(lwp_stack.o)
                              /opt/devkitpro/libogc/lib/wii/libogc.a(lwp_threads.o) (__lwp_stack_allocate)
/opt/devkitpro/libogc/lib/wii/libogc.a(lwp_watchdog.o)
                              /opt/devkitpro/libogc/lib/wii/libogc.a(lwp_threads.o) (_wd_ticks_queue)
/opt/devkitpro/libogc/lib/wii/libogc.a(lwp_wkspace.o)
                              /opt/devkitpro/libogc/lib/wii/libwiiuse.a(motion_plus.o) (__wkspace_heap)
/opt/devkitpro/libogc/lib/wii/libogc.a(lwp_objmgr.o)
                              /opt/devkitpro/libogc/lib/wii/libogc.a(lwp.o) (__lwp_objmgr_initinfo)
/opt/devkitpro/libogc/lib/wii/libogc.a(lwp_heap.o)
                              /opt/devkitpro/libogc/lib/wii/libogc.a(lwp_wkspace.o) (__lwp_heap_init)
/opt/devkitpro/libogc/lib/wii/libogc.a(sys_state.o)
                              /opt/devkitpro/libogc/lib/wii/libogc.a(lwp_threads.o) (_sys_state_curr)
/opt/devkitpro/libogc/lib/wii/libogc.a(irq.o)
                              /opt/devkitpro/libogc/lib/wii/libwiiuse.a(io_wii.o) (IRQ_Disable)
/opt/devkitpro/libogc/lib/wii/libogc.a(video.o)
                              main.o (VIDEO_Configure)
/opt/devkitpro/libogc/lib/wii/libogc.a(system.o)
                              /opt/devkitpro/libogc/lib/wii/libwiiuse.a(wpad.o) (__SYS_DoPowerCB)
/opt/devkitpro/libogc/lib/wii/libogc.a(system_asm.o)
[...]
Memory Configuration

Name             Origin             Length             Attributes
*default*        0x00000000         0xffffffff

Linker script and memory map

                0x00003400                        . = 0x3400

.stub
 *(.stub)
                0x80004000                        . = 0x80004000

.init           0x80004000      0x194
 *crt0.o(*.init)
 .init          0x80004000      0x170 /opt/devkitpro/libogc/lib/wii/libogc.a(ogc_crt0.o)
                0x80004000                _start
                0x80004140                _memset
 *(.init)
 .init          0x80004170        0xc /opt/devkitpro/devkitPPC/bin/../lib/gcc/powerpc-eabi/13.2.0/ecrti.o
                0x80004170                __init
 .init          0x8000417c        0x4 /opt/devkitpro/devkitPPC/bin/../lib/gcc/powerpc-eabi/13.2.0/crtbegin.o
 .init          0x80004180        0x4 /opt/devkitpro/devkitPPC/bin/../lib/gcc/powerpc-eabi/13.2.0/crtend.o
 .init          0x80004184       0x10 /opt/devkitpro/devkitPPC/bin/../lib/gcc/powerpc-eabi/13.2.0/ecrtn.o

.rela.dyn       0x80004194        0x0
 .rela.iplt     0x80004194        0x0 /opt/devkitpro/devkitPPC/bin/../lib/gcc/powerpc-eabi/13.2.0/crtbegin.o

.plt
 *(.plt)

.interp
 *(.interp)

.hash
 *(.hash)

.dynsym
 *(.dynsym)

.dynstr
 *(.dynstr)

.gnu.version
 *(.gnu.version)

.gnu.version_d
 *(.gnu.version_d)

.gnu.version_r
 *(.gnu.version_r)

.rel.init
 *(.rel.init)

.rela.init
 *(.rela.init)

.rel.text
 *(.rel.text .rel.text.* .rel.gnu.linkonce.t.*)

.rela.text      0x80004194        0x0
 *(.rela.text .rela.text.* .rela.gnu.linkonce.t.*)
 .rela.text.__do_global_dtors_aux
                0x80004194        0x0 /opt/devkitpro/devkitPPC/bin/../lib/gcc/powerpc-eabi/13.2.0/crtbegin.o
 .rela.text.frame_dummy
                0x80004194        0x0 /opt/devkitpro/devkitPPC/bin/../lib/gcc/powerpc-eabi/13.2.0/crtbegin.o

.rel.fini
 *(.rel.fini)

.rela.fini
 *(.rela.fini)

.rel.rodata
 *(.rel.rodata .rel.rodata.* .rel.gnu.linkonce.r.*)

.rela.rodata
 *(.rela.rodata .rela.rodata.* .rela.gnu.linkonce.r.*)

.rel.data
 *(.rel.data .rel.data.* .rel.gnu.linkonce.d.*)

.rela.data
 *(.rela.data .rela.data.* .rela.gnu.linkonce.d.*)

.rel.tdata
 *(.rel.tdata .rel.tdata.* .rel.gnu.linkonce.td.*)

.rela.tdata
 *(.rela.tdata .rela.tdata.* .rela.gnu.linkonce.td.*)

.rel.tbss
 *(.rel.tbss .rel.tbss.* .rel.gnu.linkonce.tb.*)

.rela.tbss
 *(.rela.tbss .rela.tbss.* .rela.gnu.linkonce.tb.*)

.rel.ctors
 *(.rel.ctors)

.rela.ctors
 *(.rela.ctors)

.rel.dtors
 *(.rel.dtors)

.rela.dtors
 *(.rela.dtors)

.rel.got
 *(.rel.got)

.rela.got
 *(.rela.got)

.rela.got1
 *(.rela.got1)

.rela.got2
 *(.rela.got2)

.rel.sdata
 *(.rel.sdata .rel.sdata.* .rel.gnu.linkonce.s.*)

.rela.sdata
 *(.rela.sdata .rela.sdata.* .rela.gnu.linkonce.s.*)

.rel.sbss
 *(.rel.sbss .rel.sbss.* .rel.gnu.linkonce.sb.*)

.rela.sbss
 *(.rela.sbss .rela.sbss.* .rel.gnu.linkonce.sb.*)

.rel.sdata2
 *(.rel.sdata2 .rel.sdata2.* .rel.gnu.linkonce.s2.*)

.rela.sdata2
 *(.rela.sdata2 .rela.sdata2.* .rela.gnu.linkonce.s2.*)

.rel.sbss2
 *(.rel.sbss2 .rel.sbss2.* .rel.gnu.linkonce.sb2.*)

.rela.sbss2
 *(.rela.sbss2 .rela.sbss2.* .rela.gnu.linkonce.sb2.*)

.rel.bss
 *(.rel.bss .rel.bss.* .rel.gnu.linkonce.b.*)

.rela.bss
 *(.rela.bss .rela.bss.* .rela.gnu.linkonce.b.*)

.rel.plt
 *(.rel.plt)

.rela.plt
 *(.rela.plt)

.text           0x800041a0    0x40fe0
 *(.text)
 .text          0x800041a0      0x44c /opt/devkitpro/libogc/lib/wii/libogc.a(lwp_handler.o)
                0x800041a0                _cpu_context_save_fp
                0x800042e0                _cpu_context_restore_fp
                0x80004420                _cpu_context_switch
                0x80004500                _cpu_context_save
                0x80004580                _cpu_context_restore
 .text          0x800045ec      0x4a0 /opt/devkitpro/libogc/lib/wii/libogc.a(system_asm.o)
                0x800045ec                __realmode
                0x80004604                __configBATS
                0x80004734                __InitFPRS
                0x80004860                __InitPS
                0x800048bc                __InitCache
                0x80004914                __InitSystem
                0x8000499c                __flush_cache
                0x800049d0                __reset
                0x80004a40                __InitBATS
                0x80004a5c                SYS_SwitchFiber
 .text          0x80004a8c      0x8dc /opt/devkitpro/libogc/lib/wii/libogc.a(gu_psasm.o)
                0x80004a8c                ps_guMtxConcat
                0x80004b50                ps_guMtxIdentity
                0x80004b7c                ps_guMtxCopy
                0x80004bb0                ps_guMtxTranspose
                0x80004c00                ps_guMtxInverse
                0x80004cf8                ps_guMtxInvXpose
                0x80004dc0                ps_guMtxScale
                0x80004de8                ps_guMtxScaleApply
                0x80004e40                ps_guMtxApplyScale
                0x80004ea4                ps_guMtxTrans
                0x80004ed8                ps_guMtxTransApply
                0x80004f24                ps_guMtxApplyTrans
                0x80004fa0                ps_guMtxRotTrig
                0x80005050                __ps_guMtxRotAxisRadInternal
                0x80005110                ps_guMtxReflect
                0x80005180                ps_guVecAdd
                0x800051a4                ps_guVecSub
                0x800051c8                ps_guVecScale
                0x800051e4                ps_guVecNormalize
                0x80005228                ps_guVecCross
                0x80005264                ps_guVecDotProduct
                0x80005284                ps_guVecMultiply
                0x800052d8                ps_guVecMultiplySR
                0x80005348                ps_guQuatDotProduct
 .text          0x80005368      0x1ac /opt/devkitpro/libogc/lib/wii/libogc.a(irq_handler.o)
                0x80005368                irq_exceptionhandler
 .text          0x80005514      0x4f4 /opt/devkitpro/libogc/lib/wii/libogc.a(cache_asm.o)
                0x80005514                DCFlashInvalidate
                0x80005528                DCEnable
                0x8000553c                DCDisable
                0x80005550                DCFreeze
                0x80005564                DCUnfreeze
                0x80005578                DCTouchLoad
                0x80005580                DCBlockZero
                0x80005588                DCBlockStore
                0x80005590                DCBlockFlush
                0x80005598                DCBlockInvalidate
                0x800055a0                DCInvalidateRange
                0x800055d0                DCFlushRange
                0x80005604                DCStoreRange
                0x80005638                DCFlushRangeNoSync
                0x80005668                DCStoreRangeNoSync
                0x80005698                DCZeroRange
                0x800056c8                DCTouchRange
                0x800056f8                ICInvalidateRange
                0x80005730                ICFlashInvalidate
                0x80005744                ICEnable
                0x80005758                ICDisable
                0x8000576c                ICFreeze
                0x80005780                ICUnfreeze
                0x80005794                ICBlockInvalidate
                0x8000579c                ICSync
                0x800057a4                L2Init
                0x800057ec                L2Enable
                0x80005808                L2Disable
                0x80005820                L2GlobalInvalidate
                0x80005878                __LCEnable
                0x80005944                LCDisable
                0x8000596c                LCAllocOneTag
                0x80005980                LCAllocTags
                0x800059c0                LCLoadBlocks
                0x800059e4                LCStoreBlocks
 .text          0x80005a08      0x1ac /opt/devkitpro/libogc/lib/wii/libogc.a(decrementer_handler.o)
                0x80005a08                dec_exceptionhandler
 .text          0x80005bb4      0x35c /opt/devkitpro/libogc/lib/wii/libogc.a(exception_handler.o)
                0x80005bb4                exceptionhandler_start
                0x80005c30                exceptionhandler_patch
                0x80005c64                exceptionhandler_end
                0x80005c68                default_exceptionhandler
                0x80005d98                fpu_exceptionhandler
                0x80005ee0                systemcallhandler_start
                0x80005f0c                systemcallhandler_end
 .text          0x80005f10       0x48 /opt/devkitpro/devkitPPC/bin/../lib/gcc/powerpc-eabi/13.2.0/libgcc.a(eabi.o)
                0x80005f10                __eabi
 .text          0x80005f58       0x58 /opt/devkitpro/devkitPPC/bin/../lib/gcc/powerpc-eabi/13.2.0/libgcc.a(crtresxfpr.o)
                0x80005f58                _restfpr_14_x
                0x80005f5c                _restfpr_15_x
                0x80005f60                _restfpr_16_x
                0x80005f64                _restfpr_17_x
                0x80005f68                _restfpr_18_x
                0x80005f6c                _restfpr_19_x
                0x80005f70                _restfpr_20_x
                0x80005f74                _restfpr_21_x
                0x80005f78                _restfpr_22_x
                0x80005f7c                _restfpr_23_x
                0x80005f80                _restfpr_24_x
                0x80005f84                _restfpr_25_x
                0x80005f88                _restfpr_26_x
                0x80005f8c                _restfpr_27_x
                0x80005f90                _restfpr_28_x
                0x80005f94                _restfpr_29_x
                0x80005f98                _restfpr_30_x
                0x80005f9c                _restfpr_31_x
 .text          0x80005fb0       0x58 /opt/devkitpro/devkitPPC/bin/../lib/gcc/powerpc-eabi/13.2.0/libgcc.a(crtresxgpr.o)
                0x80005fb0                _restgpr_14_x
                0x80005fb4                _restgpr_15_x
                0x80005fb8                _restgpr_16_x
                0x80005fbc                _restgpr_17_x
                0x80005fc0                _restgpr_18_x
                0x80005fc4                _restgpr_19_x
                0x80005fc8                _restgpr_20_x
                0x80005fcc                _restgpr_21_x
                0x80005fd0                _restgpr_22_x
                0x80005fd4                _restgpr_23_x
                0x80005fd8                _restgpr_24_x
                0x80005fdc                _restgpr_25_x
                0x80005fe0                _restgpr_26_x
                0x80005fe4                _restgpr_27_x
                0x80005fe8                _restgpr_28_x
                0x80005fec                _restgpr_29_x
                0x80005ff0                _restgpr_30_x
                0x80005ff4                _restgpr_31_x
 *(.text.*)
 .text.__do_global_dtors_aux
                0x80006008       0xcc /opt/devkitpro/devkitPPC/bin/../lib/gcc/powerpc-eabi/13.2.0/crtbegin.o
 .text.frame_dummy
                0x800060d4       0x24 /opt/devkitpro/devkitPPC/bin/../lib/gcc/powerpc-eabi/13.2.0/crtbegin.o
 .text.__crtmain
                0x800060f8       0x44 /opt/devkitpro/devkitPPC/bin/../lib/gcc/powerpc-eabi/13.2.0/../../../../powerpc-eabi/lib/crtmain.o
                0x800060fc                __crtmain
 .text.startup.main
                0x8000613c      0x860 main.o
                0x8000613c                main
 .text.__wpad_assign_slot
                0x8000699c      0x254 /opt/devkitpro/libogc/lib/wii/libwiiuse.a(wpad.o)
                0x8000699c                __wpad_assign_slot
 .text.__wpad_def_powcb
                0x80006bf0        0x4 /opt/devkitpro/libogc/lib/wii/libwiiuse.a(wpad.o)
 .text.__readlinkkey_finished
                0x80006bf4       0x34 /opt/devkitpro/libogc/lib/wii/libwiiuse.a(wpad.o)
 .text.__wpad_patch_finished
                0x80006c28       0x2c /opt/devkitpro/libogc/lib/wii/libwiiuse.a(wpad.o)
 .text.__wpad_setfmt
                0x80006c54      0x14c /opt/devkitpro/libogc/lib/wii/libwiiuse.a(wpad.o)
 .text.__wpad_eventCB
                0x80006da0      0xad4 /opt/devkitpro/libogc/lib/wii/libwiiuse.a(wpad.o)
 .text.__wpad_disconnectCB
                0x80007874       0xd4 /opt/devkitpro/libogc/lib/wii/libwiiuse.a(wpad.o)
                0x80007874                __wpad_disconnectCB
 .text.__wpad_timeouthandler
                0x80007948       0xa8 /opt/devkitpro/libogc/lib/wii/libwiiuse.a(wpad.o)
 .text.__initcore_finished
                0x800079f0       0x48 /opt/devkitpro/libogc/lib/wii/libwiiuse.a(wpad.o)
 .text.__wpad_init_finished
                0x80007a38      0x194 /opt/devkitpro/libogc/lib/wii/libwiiuse.a(wpad.o)
 .text.WPAD_ReadEvent
                0x80007bcc      0x68c /opt/devkitpro/libogc/lib/wii/libwiiuse.a(wpad.o)
                0x80007bcc                WPAD_ReadEvent
 .text.WPAD_ReadPending
                0x80008258      0x1a0 /opt/devkitpro/libogc/lib/wii/libwiiuse.a(wpad.o)
                0x80008258                WPAD_ReadPending
 .text.WPAD_Shutdown
                0x800083f8      0x114 /opt/devkitpro/libogc/lib/wii/libwiiuse.a(wpad.o)
                0x800083f8                WPAD_Shutdown
 .text.WPAD_Init
                0x8000850c      0x2c4 /opt/devkitpro/libogc/lib/wii/libwiiuse.a(wpad.o)
                0x8000850c                WPAD_Init
 .text.__wpad_onreset
                0x800087d0       0x34 /opt/devkitpro/libogc/lib/wii/libwiiuse.a(wpad.o)
 .text.WPAD_ScanPads
                0x80008804       0x90 /opt/devkitpro/libogc/lib/wii/libwiiuse.a(wpad.o)
                0x80008804                WPAD_ScanPads
 .text.WPAD_ButtonsDown
                0x80008894       0x28 /opt/devkitpro/libogc/lib/wii/libwiiuse.a(wpad.o)
                0x80008894                WPAD_ButtonsDown
 .text.WPAD_ButtonsHeld
                0x800088bc       0x28 /opt/devkitpro/libogc/lib/wii/libwiiuse.a(wpad.o)
                0x800088bc                WPAD_ButtonsHeld
 .text.motion_plus_disconnected
                0x800088e4       0x10 /opt/devkitpro/libogc/lib/wii/libwiiuse.a(motion_plus.o)
                0x800088e4                motion_plus_disconnected
 .text.motion_plus_event
                0x800088f4       0x64 /opt/devkitpro/libogc/lib/wii/libwiiuse.a(motion_plus.o)
                0x800088f4                motion_plus_event
 .text.calculate_gforce
                0x80008958      0x114 /opt/devkitpro/libogc/lib/wii/libwiiuse.a(dynamics.o)
                0x80008958                calculate_gforce
 .text.calc_joystick_state
                0x80008a6c      0x210 /opt/devkitpro/libogc/lib/wii/libwiiuse.a(dynamics.o)
                0x80008a6c                calc_joystick_state
 .text.apply_smoothing
                0x80008c7c      0x140 /opt/devkitpro/libogc/lib/wii/libwiiuse.a(dynamics.o)
                0x80008c7c                apply_smoothing
 .text.calculate_orientation
                0x80008dbc      0x340 /opt/devkitpro/libogc/lib/wii/libwiiuse.a(dynamics.o)
                0x80008dbc                calculate_orientation
 .text.calc_balanceboard_state
                0x800090fc      0x3a4 /opt/devkitpro/libogc/lib/wii/libwiiuse.a(dynamics.o)
                0x800090fc                calc_balanceboard_state
 .text.wiiuse_handshake
                0x800094a0      0x27c /opt/devkitpro/libogc/lib/wii/libwiiuse.a(io.o)
                0x800094a0                wiiuse_handshake
 .text.wiiuse_handshake_expansion
                0x8000971c      0x1f0 /opt/devkitpro/libogc/lib/wii/libwiiuse.a(io.o)
                0x8000971c                wiiuse_handshake_expansion
 .text.wiiuse_handshake_expansion_start
                0x8000990c       0x5c /opt/devkitpro/libogc/lib/wii/libwiiuse.a(io.o)
                0x8000990c                wiiuse_handshake_expansion_start
 .text.wiiuse_disable_expansion
                0x80009968      0x1b0 /opt/devkitpro/libogc/lib/wii/libwiiuse.a(io.o)
                0x80009968                wiiuse_disable_expansion
 .text.__wiiuse_connected
                0x80009b18       0x9c /opt/devkitpro/libogc/lib/wii/libwiiuse.a(io_wii.o)
 .text.__wiiuse_disconnected
                0x80009bb4       0xb4 /opt/devkitpro/libogc/lib/wii/libwiiuse.a(io_wii.o)
 .text.__wiiuse_receive
                0x80009c68       0xd0 /opt/devkitpro/libogc/lib/wii/libwiiuse.a(io_wii.o)
 .text.__wiiuse_sensorbar_enable
                0x80009d38       0x54 /opt/devkitpro/libogc/lib/wii/libwiiuse.a(io_wii.o)
                0x80009d38                __wiiuse_sensorbar_enable
 .text.wiiuse_register
                0x80009d8c       0xf0 /opt/devkitpro/libogc/lib/wii/libwiiuse.a(io_wii.o)
                0x80009d8c                wiiuse_register
 .text.wiiuse_disconnect
                0x80009e7c       0x24 /opt/devkitpro/libogc/lib/wii/libwiiuse.a(io_wii.o)
                0x80009e7c                wiiuse_disconnect
 .text.wiiuse_init_cmd_queue
                0x80009ea0       0x9c /opt/devkitpro/libogc/lib/wii/libwiiuse.a(io_wii.o)
                0x80009ea0                wiiuse_init_cmd_queue
 .text.wiiuse_io_write
                0x80009f3c       0x1c /opt/devkitpro/libogc/lib/wii/libwiiuse.a(io_wii.o)
                0x80009f3c                wiiuse_io_write
 .text.rotate_dots
                0x80009f58      0x13c /opt/devkitpro/libogc/lib/wii/libwiiuse.a(ir.o)
 .text.get_ir_sens.constprop.0.isra.0
                0x8000a094       0xdc /opt/devkitpro/libogc/lib/wii/libwiiuse.a(ir.o)
 .text.wiiuse_set_ir_mode
                0x8000a170       0x5c /opt/devkitpro/libogc/lib/wii/libwiiuse.a(ir.o)
                0x8000a170                wiiuse_set_ir_mode
 .text.wiiuse_set_ir
                0x8000a1cc      0x204 /opt/devkitpro/libogc/lib/wii/libwiiuse.a(ir.o)
                0x8000a1cc                wiiuse_set_ir
 .text.wiiuse_set_ir_position
                0x8000a3d0       0x80 /opt/devkitpro/libogc/lib/wii/libwiiuse.a(ir.o)
                0x8000a3d0                wiiuse_set_ir_position
 .text.wiiuse_set_aspect_ratio
                0x8000a450       0xac /opt/devkitpro/libogc/lib/wii/libwiiuse.a(ir.o)
                0x8000a450                wiiuse_set_aspect_ratio
 .text.wiiuse_set_ir_sensitivity
                0x8000a4fc       0xe4 /opt/devkitpro/libogc/lib/wii/libwiiuse.a(ir.o)
                0x8000a4fc                wiiuse_set_ir_sensitivity
 .text.calculate_basic_ir
                0x8000a5e0       0xe8 /opt/devkitpro/libogc/lib/wii/libwiiuse.a(ir.o)
                0x8000a5e0                calculate_basic_ir
 .text.calculate_extended_ir
                0x8000a6c8       0x64 /opt/devkitpro/libogc/lib/wii/libwiiuse.a(ir.o)
                0x8000a6c8                calculate_extended_ir
 .text.find_sensorbar
                0x8000a72c      0xa00 /opt/devkitpro/libogc/lib/wii/libwiiuse.a(ir.o)
                0x8000a72c                find_sensorbar
 .text.apply_ir_smoothing
                0x8000b12c      0x124 /opt/devkitpro/libogc/lib/wii/libwiiuse.a(ir.o)
                0x8000b12c                apply_ir_smoothing
 .text.interpret_ir_data
                0x8000b250      0x3c8 /opt/devkitpro/libogc/lib/wii/libwiiuse.a(ir.o)
                0x8000b250                interpret_ir_data
 .text.nunchuk_handshake
                0x8000b618      0x31c /opt/devkitpro/libogc/lib/wii/libwiiuse.a(nunchuk.o)
                0x8000b618                nunchuk_handshake
 .text.nunchuk_disconnected
                0x8000b934        0xc /opt/devkitpro/libogc/lib/wii/libwiiuse.a(nunchuk.o)
                0x8000b934                nunchuk_disconnected
 .text.nunchuk_event
                0x8000b940       0xe8 /opt/devkitpro/libogc/lib/wii/libwiiuse.a(nunchuk.o)
                0x8000b940                nunchuk_event
 .text.wii_board_handshake
                0x8000ba28      0x284 /opt/devkitpro/libogc/lib/wii/libwiiuse.a(wiiboard.o)
                0x8000ba28                wii_board_handshake
 .text.wii_board_disconnected
                0x8000bcac        0xc /opt/devkitpro/libogc/lib/wii/libwiiuse.a(wiiboard.o)
                0x8000bcac                wii_board_disconnected
 .text.wii_board_event
                0x8000bcb8       0x24 /opt/devkitpro/libogc/lib/wii/libwiiuse.a(wiiboard.o)
                0x8000bcb8                wii_board_event
 .text.wiiuse_send_next_command
                0x8000bcdc       0x58 /opt/devkitpro/libogc/lib/wii/libwiiuse.a(wiiuse.o)
                0x8000bcdc                wiiuse_send_next_command
 .text.wiiuse_init
                0x8000bd34      0x208 /opt/devkitpro/libogc/lib/wii/libwiiuse.a(wiiuse.o)
                0x8000bd34                wiiuse_init
 .text.wiiuse_set_flags
                0x8000bf3c       0x28 /opt/devkitpro/libogc/lib/wii/libwiiuse.a(wiiuse.o)
                0x8000bf3c                wiiuse_set_flags
 .text.wiiuse_read_data
                0x8000bf64      0x154 /opt/devkitpro/libogc/lib/wii/libwiiuse.a(wiiuse.o)
                0x8000bf64                wiiuse_read_data
 .text.wiiuse_write_data
                0x8000c0b8      0x18c /opt/devkitpro/libogc/lib/wii/libwiiuse.a(wiiuse.o)
                0x8000c0b8                wiiuse_write_data
 .text.wiiuse_sendcmd
                0x8000c244      0x144 /opt/devkitpro/libogc/lib/wii/libwiiuse.a(wiiuse.o)
                0x8000c244                wiiuse_sendcmd
 .text.wiiuse_set_leds
                0x8000c388       0x50 /opt/devkitpro/libogc/lib/wii/libwiiuse.a(wiiuse.o)
                0x8000c388                wiiuse_set_leds
 .text.wiiuse_set_report_type
                0x8000c3d8       0xb0 /opt/devkitpro/libogc/lib/wii/libwiiuse.a(wiiuse.o)
                0x8000c3d8                wiiuse_set_report_type
 .text.wiiuse_status
                0x8000c488       0x4c /opt/devkitpro/libogc/lib/wii/libwiiuse.a(wiiuse.o)
                0x8000c488                wiiuse_status
 .text.wiiuse_motion_sensing
                0x8000c4d4       0x84 /opt/devkitpro/libogc/lib/wii/libwiiuse.a(wiiuse.o)
                0x8000c4d4                wiiuse_motion_sensing
 .text.wiiuse_set_speaker
                0x8000c558      0x24c /opt/devkitpro/libogc/lib/wii/libwiiuse.a(speaker.o)
                0x8000c558                wiiuse_set_speaker
 .text.classic_ctrl_handshake
                0x8000c7a4      0x410 /opt/devkitpro/libogc/lib/wii/libwiiuse.a(classic.o)
                0x8000c7a4                classic_ctrl_handshake
 .text.classic_ctrl_disconnected
                0x8000cbb4        0xc /opt/devkitpro/libogc/lib/wii/libwiiuse.a(classic.o)
                0x8000cbb4                classic_ctrl_disconnected
 .text.classic_ctrl_event
                0x8000cbc0      0x15c /opt/devkitpro/libogc/lib/wii/libwiiuse.a(classic.o)
                0x8000cbc0                classic_ctrl_event
 .text.handle_expansion
                0x8000cd1c       0x54 /opt/devkitpro/libogc/lib/wii/libwiiuse.a(events.o)
 .text.parse_event
                0x8000cd70      0x730 /opt/devkitpro/libogc/lib/wii/libwiiuse.a(events.o)
                0x8000cd70                parse_event
 .text.guitar_hero_3_handshake
                0x8000d4a0       0x5c /opt/devkitpro/libogc/lib/wii/libwiiuse.a(guitar_hero_3.o)
                0x8000d4a0                guitar_hero_3_handshake
 .text.guitar_hero_3_disconnected
                0x8000d4fc        0xc /opt/devkitpro/libogc/lib/wii/libwiiuse.a(guitar_hero_3.o)
                0x8000d4fc                guitar_hero_3_disconnected
 .text.guitar_hero_3_event
                0x8000d508       0x60 /opt/devkitpro/libogc/lib/wii/libwiiuse.a(guitar_hero_3.o)
                0x8000d508                guitar_hero_3_event
 .text.acl_wlp_completed
                0x8000d568        0x8 /opt/devkitpro/libogc/lib/wii/libbte.a(bte.o)
                0x8000d568                acl_wlp_completed
 .text.bt_alarmhandler
                0x8000d570       0x58 /opt/devkitpro/libogc/lib/wii/libbte.a(bte.o)
 .text.__bte_send_pending_request
                0x8000d5c8      0x108 /opt/devkitpro/libogc/lib/wii/libbte.a(bte.o)
 .text.acl_conn_complete
                0x8000d6d0       0x2c /opt/devkitpro/libogc/lib/wii/libbte.a(bte.o)
                0x8000d6d0                acl_conn_complete
 .text.l2cap_accepted
                0x8000d6fc      0x134 /opt/devkitpro/libogc/lib/wii/libbte.a(bte.o)
                0x8000d6fc                l2cap_accepted
 .text.l2cap_disconnect_cfm
                0x8000d830      0x19c /opt/devkitpro/libogc/lib/wii/libbte.a(bte.o)
                0x8000d830                l2cap_disconnect_cfm
 .text.bte_process_input
                0x8000d9cc      0x128 /opt/devkitpro/libogc/lib/wii/libbte.a(bte.o)
 .text.l2cap_disconnected_ind
                0x8000daf4      0x1a4 /opt/devkitpro/libogc/lib/wii/libbte.a(bte.o)
                0x8000daf4                l2cap_disconnected_ind
 .text.__bte_shutdown_finished
                0x8000dc98       0xe0 /opt/devkitpro/libogc/lib/wii/libbte.a(bte.o)
 .text.bte_hci_apply_patch_complete
                0x8000dd78      0x164 /opt/devkitpro/libogc/lib/wii/libbte.a(bte.o)
                0x8000dd78                bte_hci_apply_patch_complete
 .text.bte_hci_patch_complete
                0x8000dedc      0x380 /opt/devkitpro/libogc/lib/wii/libbte.a(bte.o)
                0x8000dedc                bte_hci_patch_complete
 .text.bte_hci_initcore_complete
                0x8000e25c      0x280 /opt/devkitpro/libogc/lib/wii/libbte.a(bte.o)
                0x8000e25c                bte_hci_initcore_complete
 .text.bte_read_stored_link_key_complete
                0x8000e4dc      0x27c /opt/devkitpro/libogc/lib/wii/libbte.a(bte.o)
                0x8000e4dc                bte_read_stored_link_key_complete
 .text.bte_hci_initcore_complete2
                0x8000e758      0x22c /opt/devkitpro/libogc/lib/wii/libbte.a(bte.o)
 .text.bte_hci_initsub_complete
                0x8000e984      0x280 /opt/devkitpro/libogc/lib/wii/libbte.a(bte.o)
                0x8000e984                bte_hci_initsub_complete
 .text.BTE_Init
                0x8000ec04      0x138 /opt/devkitpro/libogc/lib/wii/libbte.a(bte.o)
                0x8000ec04                BTE_Init
 .text.BTE_Shutdown
                0x8000ed3c      0x100 /opt/devkitpro/libogc/lib/wii/libbte.a(bte.o)
                0x8000ed3c                BTE_Shutdown
 .text.BTE_InitCore
                0x8000ee3c       0x8c /opt/devkitpro/libogc/lib/wii/libbte.a(bte.o)
                0x8000ee3c                BTE_InitCore
 .text.BTE_ApplyPatch
                0x8000eec8       0xa4 /opt/devkitpro/libogc/lib/wii/libbte.a(bte.o)
                0x8000eec8                BTE_ApplyPatch
 .text.BTE_InitSub
                0x8000ef6c       0x90 /opt/devkitpro/libogc/lib/wii/libbte.a(bte.o)
                0x8000ef6c                BTE_InitSub
 .text.BTE_ReadStoredLinkKey
                0x8000effc       0x90 /opt/devkitpro/libogc/lib/wii/libbte.a(bte.o)
                0x8000effc                BTE_ReadStoredLinkKey
 .text.BTE_SetDisconnectCallback
                0x8000f08c        0x4 /opt/devkitpro/libogc/lib/wii/libbte.a(bte.o)
                0x8000f08c                BTE_SetDisconnectCallback
 .text.bte_new  0x8000f090       0x54 /opt/devkitpro/libogc/lib/wii/libbte.a(bte.o)
                0x8000f090                bte_new
 .text.bte_registerdeviceasync
                0x8000f0e4      0x158 /opt/devkitpro/libogc/lib/wii/libbte.a(bte.o)
                0x8000f0e4                bte_registerdeviceasync
 .text.bte_disconnect
                0x8000f23c       0xd8 /opt/devkitpro/libogc/lib/wii/libbte.a(bte.o)
                0x8000f23c                bte_disconnect
 .text.bte_senddata
                0x8000f314      0x104 /opt/devkitpro/libogc/lib/wii/libbte.a(bte.o)
                0x8000f314                bte_senddata
 .text.bte_arg  0x8000f418       0x38 /opt/devkitpro/libogc/lib/wii/libbte.a(bte.o)
                0x8000f418                bte_arg
 .text.bte_received
                0x8000f450       0x38 /opt/devkitpro/libogc/lib/wii/libbte.a(bte.o)
                0x8000f450                bte_received
 .text.bte_disconnected
                0x8000f488       0x38 /opt/devkitpro/libogc/lib/wii/libbte.a(bte.o)
                0x8000f488                bte_disconnected
 .text.hci_get_link
                0x8000f4c0       0x84 /opt/devkitpro/libogc/lib/wii/libbte.a(hci.o)
 .text.hci_init
                0x8000f544       0x80 /opt/devkitpro/libogc/lib/wii/libbte.a(hci.o)
                0x8000f544                hci_init
 .text.hci_close
                0x8000f5c4       0xd0 /opt/devkitpro/libogc/lib/wii/libbte.a(hci.o)
                0x8000f5c4                hci_close
 .text.hci_reset_all
                0x8000f694       0xb8 /opt/devkitpro/libogc/lib/wii/libbte.a(hci.o)
                0x8000f694                hci_reset_all
 .text.hci_arg  0x8000f74c        0xc /opt/devkitpro/libogc/lib/wii/libbte.a(hci.o)
                0x8000f74c                hci_arg
 .text.hci_cmd_complete
                0x8000f758        0xc /opt/devkitpro/libogc/lib/wii/libbte.a(hci.o)
                0x8000f758                hci_cmd_complete
 .text.hci_connection_complete
                0x8000f764        0xc /opt/devkitpro/libogc/lib/wii/libbte.a(hci.o)
                0x8000f764                hci_connection_complete
 .text.hci_wlp_complete
                0x8000f770        0xc /opt/devkitpro/libogc/lib/wii/libbte.a(hci.o)
                0x8000f770                hci_wlp_complete
 .text.hci_reset
                0x8000f77c       0xac /opt/devkitpro/libogc/lib/wii/libbte.a(hci.o)
                0x8000f77c                hci_reset
 .text.hci_read_buffer_size
                0x8000f828       0xac /opt/devkitpro/libogc/lib/wii/libbte.a(hci.o)
                0x8000f828                hci_read_buffer_size
 .text.hci_read_bd_addr
                0x8000f8d4       0xac /opt/devkitpro/libogc/lib/wii/libbte.a(hci.o)
                0x8000f8d4                hci_read_bd_addr
 .text.hci_read_local_version
                0x8000f980       0xa8 /opt/devkitpro/libogc/lib/wii/libbte.a(hci.o)
                0x8000f980                hci_read_local_version
 .text.hci_read_local_features
                0x8000fa28       0xac /opt/devkitpro/libogc/lib/wii/libbte.a(hci.o)
                0x8000fa28                hci_read_local_features
 .text.hci_read_stored_link_key
                0x8000fad4      0x100 /opt/devkitpro/libogc/lib/wii/libbte.a(hci.o)
                0x8000fad4                hci_read_stored_link_key
 .text.hci_write_page_timeout
                0x8000fbd4       0xd0 /opt/devkitpro/libogc/lib/wii/libbte.a(hci.o)
                0x8000fbd4                hci_write_page_timeout
 .text.hci_write_scan_enable
                0x8000fca4       0xbc /opt/devkitpro/libogc/lib/wii/libbte.a(hci.o)
                0x8000fca4                hci_write_scan_enable
 .text.hci_accecpt_conn_request
                0x8000fd60       0xe0 /opt/devkitpro/libogc/lib/wii/libbte.a(hci.o)
                0x8000fd60                hci_accecpt_conn_request
 .text.hci_write_local_name
                0x8000fe40       0xd8 /opt/devkitpro/libogc/lib/wii/libbte.a(hci.o)
                0x8000fe40                hci_write_local_name
 .text.hci_write_pin_type
                0x8000ff18       0xbc /opt/devkitpro/libogc/lib/wii/libbte.a(hci.o)
                0x8000ff18                hci_write_pin_type
 .text.hci_write_inquiry_mode
                0x8000ffd4       0xbc /opt/devkitpro/libogc/lib/wii/libbte.a(hci.o)
                0x8000ffd4                hci_write_inquiry_mode
 .text.hci_write_page_scan_type
                0x80010090       0xbc /opt/devkitpro/libogc/lib/wii/libbte.a(hci.o)
                0x80010090                hci_write_page_scan_type
 .text.hci_write_inquiry_scan_type
                0x8001014c       0xbc /opt/devkitpro/libogc/lib/wii/libbte.a(hci.o)
                0x8001014c                hci_write_inquiry_scan_type
 .text.hci_vendor_specific_command
                0x80010208       0xe8 /opt/devkitpro/libogc/lib/wii/libbte.a(hci.o)
                0x80010208                hci_vendor_specific_command
 .text.hci_write_link_policy_settings
                0x800102f0      0x104 /opt/devkitpro/libogc/lib/wii/libbte.a(hci.o)
                0x800102f0                hci_write_link_policy_settings
 .text.hci_pin_code_request_neg_reply
                0x800103f4       0xcc /opt/devkitpro/libogc/lib/wii/libbte.a(hci.o)
                0x800103f4                hci_pin_code_request_neg_reply
 .text.hci_link_key_req_neg_reply
                0x800104c0       0xcc /opt/devkitpro/libogc/lib/wii/libbte.a(hci.o)
                0x800104c0                hci_link_key_req_neg_reply
 .text.hci_disconnect
                0x8001058c       0xfc /opt/devkitpro/libogc/lib/wii/libbte.a(hci.o)
                0x8001058c                hci_disconnect
 .text.hci_write_cod
                0x80010688       0xcc /opt/devkitpro/libogc/lib/wii/libbte.a(hci.o)
                0x80010688                hci_write_cod
 .text.hci_host_buffer_size
                0x80010754      0x10c /opt/devkitpro/libogc/lib/wii/libbte.a(hci.o)
                0x80010754                hci_host_buffer_size
 .text.hci_host_num_comp_packets
                0x80010860      0x108 /opt/devkitpro/libogc/lib/wii/libbte.a(hci.o)
                0x80010860                hci_host_num_comp_packets
 .text.lp_pdu_maxsize
                0x80010968        0xc /opt/devkitpro/libogc/lib/wii/libbte.a(hci.o)
                0x80010968                lp_pdu_maxsize
 .text.lp_acl_write
                0x80010974      0x158 /opt/devkitpro/libogc/lib/wii/libbte.a(hci.o)
                0x80010974                lp_acl_write
 .text.lp_write_flush_timeout
                0x80010acc      0x104 /opt/devkitpro/libogc/lib/wii/libbte.a(hci.o)
                0x80010acc                lp_write_flush_timeout
 .text.hci_event_handler
                0x80010bd0      0xc7c /opt/devkitpro/libogc/lib/wii/libbte.a(hci.o)
                0x80010bd0                hci_event_handler
 .text.hci_acldata_handler
                0x8001184c      0x11c /opt/devkitpro/libogc/lib/wii/libbte.a(hci.o)
                0x8001184c                hci_acldata_handler
 .text.l2cap_init
                0x80011968       0x60 /opt/devkitpro/libogc/lib/wii/libbte.a(l2cap.o)
                0x80011968                l2cap_init
 .text.l2cap_write
                0x800119c8      0x1a0 /opt/devkitpro/libogc/lib/wii/libbte.a(l2cap.o)
                0x800119c8                l2cap_write
 .text.l2cap_new
                0x80011b68       0x60 /opt/devkitpro/libogc/lib/wii/libbte.a(l2cap.o)
                0x80011b68                l2cap_new
 .text.l2cap_close
                0x80011bc8      0x1d4 /opt/devkitpro/libogc/lib/wii/libbte.a(l2cap.o)
                0x80011bc8                l2cap_close
 .text.l2cap_reset_all
                0x80011d9c      0x154 /opt/devkitpro/libogc/lib/wii/libbte.a(l2cap.o)
                0x80011d9c                l2cap_reset_all
 .text.l2cap_signal
                0x80011ef0      0x204 /opt/devkitpro/libogc/lib/wii/libbte.a(l2cap.o)
                0x80011ef0                l2cap_signal
 .text.l2ca_config_req
                0x800120f4      0x158 /opt/devkitpro/libogc/lib/wii/libbte.a(l2cap.o)
                0x800120f4                l2ca_config_req
 .text.l2ca_disconnect_req
                0x8001224c       0xcc /opt/devkitpro/libogc/lib/wii/libbte.a(l2cap.o)
                0x8001224c                l2ca_disconnect_req
 .text.l2cap_tmr
                0x80012318      0x260 /opt/devkitpro/libogc/lib/wii/libbte.a(l2cap.o)
                0x80012318                l2cap_tmr
 .text.l2cap_process_sig
                0x80012578     0x1334 /opt/devkitpro/libogc/lib/wii/libbte.a(l2cap.o)
                0x80012578                l2cap_process_sig
 .text.l2cap_input
                0x800138ac      0x578 /opt/devkitpro/libogc/lib/wii/libbte.a(l2cap.o)
                0x800138ac                l2cap_input
 .text.l2ca_datawrite
                0x80013e24      0x128 /opt/devkitpro/libogc/lib/wii/libbte.a(l2cap.o)
                0x80013e24                l2ca_datawrite
 .text.lp_connect_cfm
                0x80013f4c      0x184 /opt/devkitpro/libogc/lib/wii/libbte.a(l2cap.o)
                0x80013f4c                lp_connect_cfm
 .text.lp_connect_ind
                0x800140d0        0x4 /opt/devkitpro/libogc/lib/wii/libbte.a(l2cap.o)
                0x800140d0                lp_connect_ind
 .text.lp_disconnect_ind
                0x800140d4      0x124 /opt/devkitpro/libogc/lib/wii/libbte.a(l2cap.o)
                0x800140d4                lp_disconnect_ind
 .text.l2cap_disconnect_bb
                0x800141f8       0x10 /opt/devkitpro/libogc/lib/wii/libbte.a(l2cap.o)
                0x800141f8                l2cap_disconnect_bb
 .text.l2cap_arg
                0x80014208        0x8 /opt/devkitpro/libogc/lib/wii/libbte.a(l2cap.o)
                0x80014208                l2cap_arg
 .text.l2cap_connect_ind
                0x80014210      0x104 /opt/devkitpro/libogc/lib/wii/libbte.a(l2cap.o)
                0x80014210                l2cap_connect_ind
 .text.l2cap_disconnect_ind
                0x80014314        0x8 /opt/devkitpro/libogc/lib/wii/libbte.a(l2cap.o)
                0x80014314                l2cap_disconnect_ind
 .text.l2cap_recv
                0x8001431c        0x8 /opt/devkitpro/libogc/lib/wii/libbte.a(l2cap.o)
                0x8001431c                l2cap_recv
 .text.btmemb_init
                0x80014324       0x24 /opt/devkitpro/libogc/lib/wii/libbte.a(btmemb.o)
                0x80014324                btmemb_init
 .text.btmemb_alloc
                0x80014348       0x98 /opt/devkitpro/libogc/lib/wii/libbte.a(btmemb.o)
                0x80014348                btmemb_alloc
 .text.btmemb_free
                0x800143e0      0x114 /opt/devkitpro/libogc/lib/wii/libbte.a(btmemb.o)
                0x800143e0                btmemb_free
 .text.plug_holes
                0x800144f4       0xac /opt/devkitpro/libogc/lib/wii/libbte.a(btmemr.o)
 .text.btmemr_init
                0x800145a0       0xa4 /opt/devkitpro/libogc/lib/wii/libbte.a(btmemr.o)
                0x800145a0                btmemr_init
 .text.btmemr_malloc
                0x80014644      0x17c /opt/devkitpro/libogc/lib/wii/libbte.a(btmemr.o)
                0x80014644                btmemr_malloc
 .text.btmemr_free
                0x800147c0       0x98 /opt/devkitpro/libogc/lib/wii/libbte.a(btmemr.o)
                0x800147c0                btmemr_free
 .text.btmemr_realloc
                0x80014858      0x108 /opt/devkitpro/libogc/lib/wii/libbte.a(btmemr.o)
                0x80014858                btmemr_realloc
 .text.btpbuf_init
                0x80014960       0x28 /opt/devkitpro/libogc/lib/wii/libbte.a(btpbuf.o)
                0x80014960                btpbuf_init
 .text.btpbuf_free
                0x80014988      0x11c /opt/devkitpro/libogc/lib/wii/libbte.a(btpbuf.o)
                0x80014988                btpbuf_free
 .text.btpbuf_alloc
                0x80014aa4      0x250 /opt/devkitpro/libogc/lib/wii/libbte.a(btpbuf.o)
                0x80014aa4                btpbuf_alloc
 .text.btpbuf_realloc
                0x80014cf4      0x110 /opt/devkitpro/libogc/lib/wii/libbte.a(btpbuf.o)
                0x80014cf4                btpbuf_realloc
 .text.btpbuf_header
                0x80014e04       0x84 /opt/devkitpro/libogc/lib/wii/libbte.a(btpbuf.o)
                0x80014e04                btpbuf_header
 .text.btpbuf_ref
                0x80014e88       0x48 /opt/devkitpro/libogc/lib/wii/libbte.a(btpbuf.o)
                0x80014e88                btpbuf_ref
 .text.btpbuf_chain
                0x80014ed0       0x9c /opt/devkitpro/libogc/lib/wii/libbte.a(btpbuf.o)
                0x80014ed0                btpbuf_chain
 .text.btpbuf_dechain
                0x80014f6c       0x7c /opt/devkitpro/libogc/lib/wii/libbte.a(btpbuf.o)
                0x80014f6c                btpbuf_dechain
 .text.btpbuf_take
                0x80014fe8      0x13c /opt/devkitpro/libogc/lib/wii/libbte.a(btpbuf.o)
                0x80014fe8                btpbuf_take
 .text.__usb_closeCB
                0x80015124       0x10 /opt/devkitpro/libogc/lib/wii/libbte.a(physbusif.o)
 .text.__writebulkmsgCB
                0x80015134       0x3c /opt/devkitpro/libogc/lib/wii/libbte.a(physbusif.o)
 .text.__writectrlmsgCB
                0x80015170       0x3c /opt/devkitpro/libogc/lib/wii/libbte.a(physbusif.o)
 .text.__issue_intrread.part.0
                0x800151ac       0x80 /opt/devkitpro/libogc/lib/wii/libbte.a(physbusif.o)
 .text.__readintrdataCB
                0x8001522c      0x148 /opt/devkitpro/libogc/lib/wii/libbte.a(physbusif.o)
 .text.__issue_bulkread.part.0
                0x80015374       0x80 /opt/devkitpro/libogc/lib/wii/libbte.a(physbusif.o)
 .text.__readbulkdataCB
                0x800153f4      0x148 /opt/devkitpro/libogc/lib/wii/libbte.a(physbusif.o)
 .text.physbusif_init
                0x8001553c      0x1ec /opt/devkitpro/libogc/lib/wii/libbte.a(physbusif.o)
                0x8001553c                physbusif_init
 .text.physbusif_close
                0x80015728       0x20 /opt/devkitpro/libogc/lib/wii/libbte.a(physbusif.o)
                0x80015728                physbusif_close
 .text.physbusif_shutdown
                0x80015748       0x24 /opt/devkitpro/libogc/lib/wii/libbte.a(physbusif.o)
                0x80015748                physbusif_shutdown
 .text.physbusif_reset_all
                0x8001576c        0x4 /opt/devkitpro/libogc/lib/wii/libbte.a(physbusif.o)
                0x8001576c                physbusif_reset_all
 .text.physbusif_output
                0x80015770      0x1c4 /opt/devkitpro/libogc/lib/wii/libbte.a(physbusif.o)
                0x80015770                physbusif_output
 .text.__lwp_queue_initialize
                0x80015934       0x98 /opt/devkitpro/libogc/lib/wii/libogc.a(lwp_queue.o)
                0x80015934                __lwp_queue_initialize
 .text.__lwp_queue_get
                0x800159cc       0x74 /opt/devkitpro/libogc/lib/wii/libogc.a(lwp_queue.o)
                0x800159cc                __lwp_queue_get
 .text.__lwp_queue_append
                0x80015a40       0x4c /opt/devkitpro/libogc/lib/wii/libogc.a(lwp_queue.o)
                0x80015a40                __lwp_queue_append
 .text.__syscall_getreent
                0x80015a8c       0x24 /opt/devkitpro/libogc/lib/wii/libogc.a(lwp_threads.o)
                0x80015a8c                __syscall_getreent
 .text.__lwp_isr_in_progress
                0x80015ab0        0x8 /opt/devkitpro/libogc/lib/wii/libogc.a(lwp_threads.o)
                0x80015ab0                __lwp_isr_in_progress
 .text.__thread_dispatch_fp
                0x80015ab8       0x88 /opt/devkitpro/libogc/lib/wii/libogc.a(lwp_threads.o)
                0x80015ab8                __thread_dispatch_fp
 .text.__thread_dispatch
                0x80015b40       0xf4 /opt/devkitpro/libogc/lib/wii/libogc.a(lwp_threads.o)
                0x80015b40                __thread_dispatch
 .text.__lwp_thread_resettimeslice
                0x80015c34       0xb4 /opt/devkitpro/libogc/lib/wii/libogc.a(lwp_threads.o)
                0x80015c34                __lwp_thread_resettimeslice
 .text.__lwp_thread_tickle_timeslice
                0x80015ce8       0xc8 /opt/devkitpro/libogc/lib/wii/libogc.a(lwp_threads.o)
                0x80015ce8                __lwp_thread_tickle_timeslice
 .text.__lwp_thread_setstate
                0x80015db0      0x16c /opt/devkitpro/libogc/lib/wii/libogc.a(lwp_threads.o)
                0x80015db0                __lwp_thread_setstate
 .text.__lwp_thread_clearstate
                0x80015f1c       0xe4 /opt/devkitpro/libogc/lib/wii/libogc.a(lwp_threads.o)
                0x80015f1c                __lwp_thread_clearstate
 .text.__lwp_thread_delayended
                0x80016000       0x48 /opt/devkitpro/libogc/lib/wii/libogc.a(lwp_threads.o)
                0x80016000                __lwp_thread_delayended
 .text.__lwp_thread_suspend
                0x80016048      0x17c /opt/devkitpro/libogc/lib/wii/libogc.a(lwp_threads.o)
                0x80016048                __lwp_thread_suspend
 .text.__lwp_thread_settransient
                0x800161c4       0xb4 /opt/devkitpro/libogc/lib/wii/libogc.a(lwp_threads.o)
                0x800161c4                __lwp_thread_settransient
 .text.__lwp_thread_changepriority
                0x80016278      0x1f8 /opt/devkitpro/libogc/lib/wii/libogc.a(lwp_threads.o)
                0x80016278                __lwp_thread_changepriority
 .text.__lwp_thread_resume
                0x80016470      0x12c /opt/devkitpro/libogc/lib/wii/libogc.a(lwp_threads.o)
                0x80016470                __lwp_thread_resume
 .text.__lwp_thread_ready
                0x8001659c       0xf0 /opt/devkitpro/libogc/lib/wii/libogc.a(lwp_threads.o)
                0x8001659c                __lwp_thread_ready
 .text.__lwp_thread_init
                0x8001668c      0x160 /opt/devkitpro/libogc/lib/wii/libogc.a(lwp_threads.o)
                0x8001668c                __lwp_thread_init
 .text.__lwp_thread_close
                0x800167ec      0x144 /opt/devkitpro/libogc/lib/wii/libogc.a(lwp_threads.o)
                0x800167ec                __lwp_thread_close
 .text.__lwp_thread_handler
                0x80016930       0xc0 /opt/devkitpro/libogc/lib/wii/libogc.a(lwp_threads.o)
 .text.__lwp_thread_closeall
                0x800169f0       0xb0 /opt/devkitpro/libogc/lib/wii/libogc.a(lwp_threads.o)
                0x800169f0                __lwp_thread_closeall
 .text.__lwp_thread_start
                0x80016aa0      0x150 /opt/devkitpro/libogc/lib/wii/libogc.a(lwp_threads.o)
                0x80016aa0                __lwp_thread_start
 .text.__lwp_thread_startmultitasking
                0x80016bf0       0xac /opt/devkitpro/libogc/lib/wii/libogc.a(lwp_threads.o)
                0x80016bf0                __lwp_thread_startmultitasking
 .text.__lwp_thread_stopmultitasking
                0x80016c9c       0x58 /opt/devkitpro/libogc/lib/wii/libogc.a(lwp_threads.o)
                0x80016c9c                __lwp_thread_stopmultitasking
 .text.__lwp_thread_coreinit
                0x80016cf4       0xc4 /opt/devkitpro/libogc/lib/wii/libogc.a(lwp_threads.o)
                0x80016cf4                __lwp_thread_coreinit
 .text.idle_func
                0x80016db8        0x4 /opt/devkitpro/libogc/lib/wii/libogc.a(lwp.o)
 .text.__lwp_sysinit
                0x80016dbc      0x114 /opt/devkitpro/libogc/lib/wii/libogc.a(lwp.o)
                0x80016dbc                __lwp_sysinit
 .text.LWP_SuspendThread
                0x80016ed0       0xc0 /opt/devkitpro/libogc/lib/wii/libogc.a(lwp.o)
                0x80016ed0                LWP_SuspendThread
 .text.LWP_ResumeThread
                0x80016f90       0xd0 /opt/devkitpro/libogc/lib/wii/libogc.a(lwp.o)
                0x80016f90                LWP_ResumeThread
 .text.LWP_GetSelf
                0x80017060       0x28 /opt/devkitpro/libogc/lib/wii/libogc.a(lwp.o)
                0x80017060                LWP_GetSelf
 .text.LWP_InitQueue
                0x80017088      0x140 /opt/devkitpro/libogc/lib/wii/libogc.a(lwp.o)
                0x80017088                LWP_InitQueue
 .text.LWP_CloseQueue
                0x800171c8       0xd4 /opt/devkitpro/libogc/lib/wii/libogc.a(lwp.o)
                0x800171c8                LWP_CloseQueue
 .text.LWP_ThreadSleep
                0x8001729c       0xf8 /opt/devkitpro/libogc/lib/wii/libogc.a(lwp.o)
                0x8001729c                LWP_ThreadSleep
 .text.LWP_ThreadBroadcast
                0x80017394       0x88 /opt/devkitpro/libogc/lib/wii/libogc.a(lwp.o)
                0x80017394                LWP_ThreadBroadcast
 .text.LWP_ThreadSignal
                0x8001741c       0x74 /opt/devkitpro/libogc/lib/wii/libogc.a(lwp.o)
                0x8001741c                LWP_ThreadSignal
 .text.__lwp_stack_allocate
                0x80017490       0x60 /opt/devkitpro/libogc/lib/wii/libogc.a(lwp_stack.o)
                0x80017490                __lwp_stack_allocate
 .text.__lwp_stack_free
                0x800174f0       0x1c /opt/devkitpro/libogc/lib/wii/libogc.a(lwp_stack.o)
                0x800174f0                __lwp_stack_free
 .text.__lwp_wd_settimer
                0x8001750c       0xe0 /opt/devkitpro/libogc/lib/wii/libogc.a(lwp_watchdog.o)
 .text.__lwp_watchdog_init
                0x800175ec       0x2c /opt/devkitpro/libogc/lib/wii/libogc.a(lwp_watchdog.o)
                0x800175ec                __lwp_watchdog_init
 .text.__lwp_wd_insert
                0x80017618      0x194 /opt/devkitpro/libogc/lib/wii/libogc.a(lwp_watchdog.o)
                0x80017618                __lwp_wd_insert
 .text.__lwp_wd_remove
                0x800177ac      0x138 /opt/devkitpro/libogc/lib/wii/libogc.a(lwp_watchdog.o)
                0x800177ac                __lwp_wd_remove
 .text.__lwp_wd_tickle
                0x800178e4      0x120 /opt/devkitpro/libogc/lib/wii/libogc.a(lwp_watchdog.o)
                0x800178e4                __lwp_wd_tickle
 .text.__lwp_wkspace_init
                0x80017a04       0xc0 /opt/devkitpro/libogc/lib/wii/libogc.a(lwp_wkspace.o)
                0x80017a04                __lwp_wkspace_init
 .text.__lwp_objmgr_initinfo
                0x80017ac4      0x1a0 /opt/devkitpro/libogc/lib/wii/libogc.a(lwp_objmgr.o)
                0x80017ac4                __lwp_objmgr_initinfo
 .text.__lwp_objmgr_getisrdisable
                0x80017c64       0x60 /opt/devkitpro/libogc/lib/wii/libogc.a(lwp_objmgr.o)
                0x80017c64                __lwp_objmgr_getisrdisable
 .text.__lwp_objmgr_getnoprotection
                0x80017cc4       0x24 /opt/devkitpro/libogc/lib/wii/libogc.a(lwp_objmgr.o)
                0x80017cc4                __lwp_objmgr_getnoprotection
 .text.__lwp_objmgr_get
                0x80017ce8       0x6c /opt/devkitpro/libogc/lib/wii/libogc.a(lwp_objmgr.o)
                0x80017ce8                __lwp_objmgr_get
 .text.__lwp_objmgr_allocate
                0x80017d54       0x88 /opt/devkitpro/libogc/lib/wii/libogc.a(lwp_objmgr.o)
                0x80017d54                __lwp_objmgr_allocate
 .text.__lwp_objmgr_free
                0x80017ddc       0x60 /opt/devkitpro/libogc/lib/wii/libogc.a(lwp_objmgr.o)
                0x80017ddc                __lwp_objmgr_free
 .text.__lwp_heap_init
                0x80017e3c       0xa4 /opt/devkitpro/libogc/lib/wii/libogc.a(lwp_heap.o)
                0x80017e3c                __lwp_heap_init
 .text.__lwp_heap_allocate
                0x80017ee0      0x160 /opt/devkitpro/libogc/lib/wii/libogc.a(lwp_heap.o)
                0x80017ee0                __lwp_heap_allocate
 .text.__lwp_heap_free
                0x80018040      0x188 /opt/devkitpro/libogc/lib/wii/libogc.a(lwp_heap.o)
                0x80018040                __lwp_heap_free
 .text.__SetInterrupts
                0x800181c8      0x268 /opt/devkitpro/libogc/lib/wii/libogc.a(irq.o)
 .text.c_irqdispatcher
                0x80018430      0x278 /opt/devkitpro/libogc/lib/wii/libogc.a(irq.o)
                0x80018430                c_irqdispatcher
 .text.__UnmaskIrq
                0x800186a8       0x84 /opt/devkitpro/libogc/lib/wii/libogc.a(irq.o)
                0x800186a8                __UnmaskIrq
 .text.__MaskIrq
                0x8001872c       0x84 /opt/devkitpro/libogc/lib/wii/libogc.a(irq.o)
                0x8001872c                __MaskIrq
 .text.__irq_init
                0x800187b0       0x84 /opt/devkitpro/libogc/lib/wii/libogc.a(irq.o)
                0x800187b0                __irq_init
 .text.IRQ_Request
                0x80018834       0x50 /opt/devkitpro/libogc/lib/wii/libogc.a(irq.o)
                0x80018834                IRQ_Request
 .text.IRQ_GetHandler
                0x80018884       0x44 /opt/devkitpro/libogc/lib/wii/libogc.a(irq.o)
                0x80018884                IRQ_GetHandler
 .text.IRQ_Disable
                0x800188c8       0x1c /opt/devkitpro/libogc/lib/wii/libogc.a(irq.o)
                0x800188c8                IRQ_Disable
 .text.IRQ_Restore
                0x800188e4       0x1c /opt/devkitpro/libogc/lib/wii/libogc.a(irq.o)
                0x800188e4                IRQ_Restore
 .text.__VISendI2CData.constprop.0.isra.0
                0x80018900      0x450 /opt/devkitpro/libogc/lib/wii/libogc.a(video.o)
 .text.__setFbbRegs.constprop.0
                0x80018d50      0x190 /opt/devkitpro/libogc/lib/wii/libogc.a(video.o)
 .text.__VISetYUVSEL
                0x80018ee0       0xb8 /opt/devkitpro/libogc/lib/wii/libogc.a(video.o)
 .text.VIDEO_Configure
                0x80018f98      0x5ec /opt/devkitpro/libogc/lib/wii/libogc.a(video.o)
                0x80018f98                VIDEO_Configure
 .text.VIDEO_WaitVSync
                0x80019584       0x74 /opt/devkitpro/libogc/lib/wii/libogc.a(video.o)
                0x80019584                VIDEO_WaitVSync
 .text.VIDEO_SetFramebuffer
                0x800195f8      0x108 /opt/devkitpro/libogc/lib/wii/libogc.a(video.o)
                0x800195f8                VIDEO_SetFramebuffer
 .text.VIDEO_SetNextFramebuffer
                0x80019700       0x70 /opt/devkitpro/libogc/lib/wii/libogc.a(video.o)
                0x80019700                VIDEO_SetNextFramebuffer
 .text.VIDEO_Flush
                0x80019770       0xf4 /opt/devkitpro/libogc/lib/wii/libogc.a(video.o)
                0x80019770                VIDEO_Flush
 .text.VIDEO_SetBlack
                0x80019864      0x15c /opt/devkitpro/libogc/lib/wii/libogc.a(video.o)
                0x80019864                VIDEO_SetBlack
 .text.VIDEO_GetCurrentTvMode
                0x800199c0       0x78 /opt/devkitpro/libogc/lib/wii/libogc.a(video.o)
                0x800199c0                VIDEO_GetCurrentTvMode
 .text.__VIRetraceHandler
                0x80019a38      0x298 /opt/devkitpro/libogc/lib/wii/libogc.a(video.o)
 .text.__VISetupEncoder
                0x80019cd0      0x2cc /opt/devkitpro/libogc/lib/wii/libogc.a(video.o)
 .text.VIDEO_Init
                0x80019f9c      0x4e4 /opt/devkitpro/libogc/lib/wii/libogc.a(video.o)
                0x80019f9c                VIDEO_Init
 .text.VIDEO_GetPreferredMode
                0x8001a480      0x108 /opt/devkitpro/libogc/lib/wii/libogc.a(video.o)
                0x8001a480                VIDEO_GetPreferredMode
 .text.VIDEO_GetCurrentLine
                0x8001a588       0x9c /opt/devkitpro/libogc/lib/wii/libogc.a(video.o)
                0x8001a588                VIDEO_GetCurrentLine
 .text.VIDEO_GetFrameBufferSize
                0x8001a624       0x34 /opt/devkitpro/libogc/lib/wii/libogc.a(video.o)
                0x8001a624                VIDEO_GetFrameBufferSize
 .text.__call_resetfuncs
                0x8001a658       0xbc /opt/devkitpro/libogc/lib/wii/libogc.a(system.o)
 .text.__MEMInterruptHandler
                0x8001a714       0x14 /opt/devkitpro/libogc/lib/wii/libogc.a(system.o)
 .text.__RSWDefaultHandler
                0x8001a728        0x4 /opt/devkitpro/libogc/lib/wii/libogc.a(system.o)
 .text.__POWDefaultHandler
                0x8001a72c        0x4 /opt/devkitpro/libogc/lib/wii/libogc.a(system.o)
 .text.__STMEventHandler
                0x8001a730      0x104 /opt/devkitpro/libogc/lib/wii/libogc.a(system.o)
 .text.__getrtc
                0x8001a834      0x13c /opt/devkitpro/libogc/lib/wii/libogc.a(system.o)
 .text.__sram_write
                0x8001a970      0x130 /opt/devkitpro/libogc/lib/wii/libogc.a(system.o)
 .text.__sram_writecallback
                0x8001aaa0       0x54 /opt/devkitpro/libogc/lib/wii/libogc.a(system.o)
 .text.__mem_onreset
                0x8001aaf4       0x48 /opt/devkitpro/libogc/lib/wii/libogc.a(system.o)
 .text.__unlocksram
                0x8001ab3c      0x174 /opt/devkitpro/libogc/lib/wii/libogc.a(system.o)
 .text.__sys_alarmhandler
                0x8001acb0      0x154 /opt/devkitpro/libogc/lib/wii/libogc.a(system.o)
 .text.__syscall_malloc_lock
                0x8001ae04        0x4 /opt/devkitpro/libogc/lib/wii/libogc.a(system.o)
                0x8001ae04                __syscall_malloc_lock
 .text.__syscall_malloc_unlock
                0x8001ae08        0x4 /opt/devkitpro/libogc/lib/wii/libogc.a(system.o)
                0x8001ae08                __syscall_malloc_unlock
 .text.__syscall_nanosleep
                0x8001ae0c        0x4 /opt/devkitpro/libogc/lib/wii/libogc.a(system.o)
                0x8001ae0c                __syscall_nanosleep
 .text.__SYS_GetRTC
                0x8001ae10       0xa0 /opt/devkitpro/libogc/lib/wii/libogc.a(system.o)
                0x8001ae10                __SYS_GetRTC
 .text.__SYS_SetBootTime
                0x8001aeb0      0x108 /opt/devkitpro/libogc/lib/wii/libogc.a(system.o)
                0x8001aeb0                __SYS_SetBootTime
 .text.__SYS_GetIPCBufferLo
                0x8001afb8        0x8 /opt/devkitpro/libogc/lib/wii/libogc.a(system.o)
                0x8001afb8                __SYS_GetIPCBufferLo
 .text.__SYS_GetIPCBufferHi
                0x8001afc0        0x8 /opt/devkitpro/libogc/lib/wii/libogc.a(system.o)
                0x8001afc0                __SYS_GetIPCBufferHi
 .text.__SYS_DoPowerCB
                0x8001afc8       0x74 /opt/devkitpro/libogc/lib/wii/libogc.a(system.o)
                0x8001afc8                __SYS_DoPowerCB
 .text.__SYS_PreInit
                0x8001b03c        0x4 /opt/devkitpro/libogc/lib/wii/libogc.a(system.o)
                0x8001b03c                __SYS_PreInit
 .text.SYS_PreMain
                0x8001b040       0x7c /opt/devkitpro/libogc/lib/wii/libogc.a(system.o)
                0x8001b040                SYS_PreMain
 .text.SYS_ResetButtonDown
                0x8001b0bc       0x18 /opt/devkitpro/libogc/lib/wii/libogc.a(system.o)
                0x8001b0bc                SYS_ResetButtonDown
 .text.SYS_ResetSystem
                0x8001b0d4      0x210 /opt/devkitpro/libogc/lib/wii/libogc.a(system.o)
                0x8001b0d4                SYS_ResetSystem
 .text.__reload
                0x8001b2e4       0x80 /opt/devkitpro/libogc/lib/wii/libogc.a(system.o)
                0x8001b2e4                __reload
 .text.__syscall_exit
                0x8001b364       0x88 /opt/devkitpro/libogc/lib/wii/libogc.a(system.o)
                0x8001b364                __syscall_exit
 .text.SYS_RegisterResetFunc
                0x8001b3ec       0x78 /opt/devkitpro/libogc/lib/wii/libogc.a(system.o)
                0x8001b3ec                SYS_RegisterResetFunc
 .text.SYS_SetArena1Lo
                0x8001b464       0x38 /opt/devkitpro/libogc/lib/wii/libogc.a(system.o)
                0x8001b464                SYS_SetArena1Lo
 .text.SYS_GetArena1Lo
                0x8001b49c       0x38 /opt/devkitpro/libogc/lib/wii/libogc.a(system.o)
                0x8001b49c                SYS_GetArena1Lo
 .text.SYS_GetArena1Hi
                0x8001b4d4       0x38 /opt/devkitpro/libogc/lib/wii/libogc.a(system.o)
                0x8001b4d4                SYS_GetArena1Hi
 .text.SYS_SetArena2Lo
                0x8001b50c       0x38 /opt/devkitpro/libogc/lib/wii/libogc.a(system.o)
                0x8001b50c                SYS_SetArena2Lo
 .text.SYS_GetArena2Lo
                0x8001b544       0x38 /opt/devkitpro/libogc/lib/wii/libogc.a(system.o)
                0x8001b544                SYS_GetArena2Lo
 .text.SYS_SetArena2Hi
                0x8001b57c       0x38 /opt/devkitpro/libogc/lib/wii/libogc.a(system.o)
                0x8001b57c                SYS_SetArena2Hi
 .text.SYS_GetArena2Hi
                0x8001b5b4       0x38 /opt/devkitpro/libogc/lib/wii/libogc.a(system.o)
                0x8001b5b4                SYS_GetArena2Hi
 .text.SYS_AllocateFramebuffer
                0x8001b5ec       0x28 /opt/devkitpro/libogc/lib/wii/libogc.a(system.o)
                0x8001b5ec                SYS_AllocateFramebuffer
 .text.SYS_CreateAlarm
                0x8001b614       0xf0 /opt/devkitpro/libogc/lib/wii/libogc.a(system.o)
                0x8001b614                SYS_CreateAlarm
 .text.SYS_SetAlarm
                0x8001b704      0x1e0 /opt/devkitpro/libogc/lib/wii/libogc.a(system.o)
                0x8001b704                SYS_SetAlarm
 .text.SYS_SetPeriodicAlarm
                0x8001b8e4      0x270 /opt/devkitpro/libogc/lib/wii/libogc.a(system.o)
                0x8001b8e4                SYS_SetPeriodicAlarm
 .text.SYS_RemoveAlarm
                0x8001bb54      0x10c /opt/devkitpro/libogc/lib/wii/libogc.a(system.o)
                0x8001bb54                SYS_RemoveAlarm
 .text.SYS_CancelAlarm
                0x8001bc60       0xbc /opt/devkitpro/libogc/lib/wii/libogc.a(system.o)
                0x8001bc60                SYS_CancelAlarm
 .text.SYS_GetWirelessID
                0x8001bd1c       0x94 /opt/devkitpro/libogc/lib/wii/libogc.a(system.o)
                0x8001bd1c                SYS_GetWirelessID
 .text.SYS_SetWirelessID
                0x8001bdb0       0x90 /opt/devkitpro/libogc/lib/wii/libogc.a(system.o)
                0x8001bdb0                SYS_SetWirelessID
 .text.SYS_SetGBSMode
                0x8001be40       0xa8 /opt/devkitpro/libogc/lib/wii/libogc.a(system.o)
                0x8001be40                SYS_SetGBSMode
 .text.__sram_init
                0x8001bee8      0x1b8 /opt/devkitpro/libogc/lib/wii/libogc.a(system.o)
                0x8001bee8                __sram_init
 .text.SYS_Init
                0x8001c0a0      0x5e8 /opt/devkitpro/libogc/lib/wii/libogc.a(system.o)
                0x8001c0a0                SYS_Init
 .text.SYS_GetHollywoodRevision
                0x8001c688       0x3c /opt/devkitpro/libogc/lib/wii/libogc.a(system.o)
                0x8001c688                SYS_GetHollywoodRevision
 .text.SYS_Time
                0x8001c6c4       0x78 /opt/devkitpro/libogc/lib/wii/libogc.a(system.o)
                0x8001c6c4                SYS_Time
 .text.__lwp_cond_init
                0x8001c73c       0x14 /opt/devkitpro/libogc/lib/wii/libogc.a(cond.o)
                0x8001c73c                __lwp_cond_init
 .text.__GX_InitRevBits
                0x8001c750       0x98 /opt/devkitpro/libogc/lib/wii/libogc.a(gx.o)
 .text.__GXTokenInterruptHandler
                0x8001c7e8       0x6c /opt/devkitpro/libogc/lib/wii/libogc.a(gx.o)
 .text.__GXDefTexRegionCallback
                0x8001c854       0x80 /opt/devkitpro/libogc/lib/wii/libogc.a(gx.o)
 .text.__GXDefTlutRegionCallback
                0x8001c8d4       0x18 /opt/devkitpro/libogc/lib/wii/libogc.a(gx.o)
 .text.__SetSURegs
                0x8001c8ec       0x90 /opt/devkitpro/libogc/lib/wii/libogc.a(gx.o)
 .text.__SETVCDATTR
                0x8001c97c      0x230 /opt/devkitpro/libogc/lib/wii/libogc.a(gx.o)
 .text.__SETVCDFMT
                0x8001cbac      0x4cc /opt/devkitpro/libogc/lib/wii/libogc.a(gx.o)
 .text.__GXCPInterruptHandler
                0x8001d078      0x17c /opt/devkitpro/libogc/lib/wii/libogc.a(gx.o)
 .text.__GXFinishInterruptHandler
                0x8001d1f4       0x58 /opt/devkitpro/libogc/lib/wii/libogc.a(gx.o)
 .text.GX_SetTexCoordGen2.part.0
                0x8001d24c      0x254 /opt/devkitpro/libogc/lib/wii/libogc.a(gx.o)
 .text.GX_InitTexObj.part.0
                0x8001d4a0      0x19c /opt/devkitpro/libogc/lib/wii/libogc.a(gx.o)
 .text.__GX_SetDirtyState
                0x8001d63c      0x610 /opt/devkitpro/libogc/lib/wii/libogc.a(gx.o)
 .text.GX_SetCPUFifo
                0x8001dc4c      0x244 /opt/devkitpro/libogc/lib/wii/libogc.a(gx.o)
                0x8001dc4c                GX_SetCPUFifo
 .text.GX_SetGPFifo
                0x8001de90      0x2ec /opt/devkitpro/libogc/lib/wii/libogc.a(gx.o)
                0x8001de90                GX_SetGPFifo
 .text.GX_AbortFrame
                0x8001e17c      0x3d8 /opt/devkitpro/libogc/lib/wii/libogc.a(gx.o)
                0x8001e17c                GX_AbortFrame
 .text.__gx_onreset
                0x8001e554       0x7c /opt/devkitpro/libogc/lib/wii/libogc.a(gx.o)
 .text.GX_DrawDone
                0x8001e5d0       0xf8 /opt/devkitpro/libogc/lib/wii/libogc.a(gx.o)
                0x8001e5d0                GX_DrawDone
 .text.GX_SetViewport
                0x8001e6c8       0x78 /opt/devkitpro/libogc/lib/wii/libogc.a(gx.o)
                0x8001e6c8                GX_SetViewport
 .text.GX_LoadProjectionMtx
                0x8001e740       0xf0 /opt/devkitpro/libogc/lib/wii/libogc.a(gx.o)
                0x8001e740                GX_LoadProjectionMtx
 .text.GX_SetCopyClear
                0x8001e830       0x4c /opt/devkitpro/libogc/lib/wii/libogc.a(gx.o)
                0x8001e830                GX_SetCopyClear
 .text.GX_SetDispCopyGamma
                0x8001e87c       0x18 /opt/devkitpro/libogc/lib/wii/libogc.a(gx.o)
                0x8001e87c                GX_SetDispCopyGamma
 .text.GX_SetCopyFilter
                0x8001e894      0x268 /opt/devkitpro/libogc/lib/wii/libogc.a(gx.o)
                0x8001e894                GX_SetCopyFilter
 .text.GX_SetDispCopyYScale
                0x8001eafc       0xf8 /opt/devkitpro/libogc/lib/wii/libogc.a(gx.o)
                0x8001eafc                GX_SetDispCopyYScale
 .text.GX_SetDispCopyDst
                0x8001ebf4       0x20 /opt/devkitpro/libogc/lib/wii/libogc.a(gx.o)
                0x8001ebf4                GX_SetDispCopyDst
 .text.GX_SetDispCopySrc
                0x8001ec14       0x38 /opt/devkitpro/libogc/lib/wii/libogc.a(gx.o)
                0x8001ec14                GX_SetDispCopySrc
 .text.GX_CopyDisp
                0x8001ec4c      0x124 /opt/devkitpro/libogc/lib/wii/libogc.a(gx.o)
                0x8001ec4c                GX_CopyDisp
 .text.GX_SetVtxDesc
                0x8001ed70       0x34 /opt/devkitpro/libogc/lib/wii/libogc.a(gx.o)
                0x8001ed70                GX_SetVtxDesc
 .text.GX_SetVtxAttrFmt
                0x8001eda4       0x54 /opt/devkitpro/libogc/lib/wii/libogc.a(gx.o)
                0x8001eda4                GX_SetVtxAttrFmt
 .text.GX_Begin
                0x8001edf8       0x7c /opt/devkitpro/libogc/lib/wii/libogc.a(gx.o)
                0x8001edf8                GX_Begin
 .text.GX_SetTexCoordGen
                0x8001ee74       0x14 /opt/devkitpro/libogc/lib/wii/libogc.a(gx.o)
                0x8001ee74                GX_SetTexCoordGen
 .text.GX_LoadPosMtxImm
                0x8001ee88       0x50 /opt/devkitpro/libogc/lib/wii/libogc.a(gx.o)
                0x8001ee88                GX_LoadPosMtxImm
 .text.GX_SetCurrentMtx
                0x8001eed8       0x24 /opt/devkitpro/libogc/lib/wii/libogc.a(gx.o)
                0x8001eed8                GX_SetCurrentMtx
 .text.GX_SetNumTexGens
                0x8001eefc       0x28 /opt/devkitpro/libogc/lib/wii/libogc.a(gx.o)
                0x8001eefc                GX_SetNumTexGens
 .text.GX_InvVtxCache
                0x8001ef24       0x14 /opt/devkitpro/libogc/lib/wii/libogc.a(gx.o)
                0x8001ef24                GX_InvVtxCache
 .text.GX_SetZMode
                0x8001ef38       0x38 /opt/devkitpro/libogc/lib/wii/libogc.a(gx.o)
                0x8001ef38                GX_SetZMode
 .text.GX_InitTexObj
                0x8001ef70        0xc /opt/devkitpro/libogc/lib/wii/libogc.a(gx.o)
                0x8001ef70                GX_InitTexObj
 .text.GX_InitTexObjLOD
                0x8001ef7c      0x214 /opt/devkitpro/libogc/lib/wii/libogc.a(gx.o)
                0x8001ef7c                GX_InitTexObjLOD
 .text.GX_LoadTexObjPreloaded
                0x8001f190      0x158 /opt/devkitpro/libogc/lib/wii/libogc.a(gx.o)
                0x8001f190                GX_LoadTexObjPreloaded
 .text.GX_LoadTexObj
                0x8001f2e8       0x5c /opt/devkitpro/libogc/lib/wii/libogc.a(gx.o)
                0x8001f2e8                GX_LoadTexObj
 .text.GX_InvalidateTexAll
                0x8001f344       0x50 /opt/devkitpro/libogc/lib/wii/libogc.a(gx.o)
                0x8001f344                GX_InvalidateTexAll
 .text.GX_SetBlendMode
                0x8001f394       0xcc /opt/devkitpro/libogc/lib/wii/libogc.a(gx.o)
                0x8001f394                GX_SetBlendMode
 .text.GX_ClearVtxDesc
                0x8001f460       0x38 /opt/devkitpro/libogc/lib/wii/libogc.a(gx.o)
                0x8001f460                GX_ClearVtxDesc
 .text.GX_SetTevColorIn
                0x8001f498       0x44 /opt/devkitpro/libogc/lib/wii/libogc.a(gx.o)
                0x8001f498                GX_SetTevColorIn
 .text.GX_SetTevAlphaIn
                0x8001f4dc       0x44 /opt/devkitpro/libogc/lib/wii/libogc.a(gx.o)
                0x8001f4dc                GX_SetTevAlphaIn
 .text.GX_SetTevColorOp
                0x8001f520       0x98 /opt/devkitpro/libogc/lib/wii/libogc.a(gx.o)
                0x8001f520                GX_SetTevColorOp
 .text.GX_SetTevAlphaOp
                0x8001f5b8       0x98 /opt/devkitpro/libogc/lib/wii/libogc.a(gx.o)
                0x8001f5b8                GX_SetTevAlphaOp
 .text.GX_SetTevOp
                0x8001f650      0x16c /opt/devkitpro/libogc/lib/wii/libogc.a(gx.o)
                0x8001f650                GX_SetTevOp
 .text.GX_SetCullMode
                0x8001f7bc       0x2c /opt/devkitpro/libogc/lib/wii/libogc.a(gx.o)
                0x8001f7bc                GX_SetCullMode
 .text.GX_SetScissor
                0x8001f7e8       0x78 /opt/devkitpro/libogc/lib/wii/libogc.a(gx.o)
                0x8001f7e8                GX_SetScissor
 .text.GX_SetNumChans
                0x8001f860       0x28 /opt/devkitpro/libogc/lib/wii/libogc.a(gx.o)
                0x8001f860                GX_SetNumChans
 .text.GX_SetTevOrder
                0x8001f888      0x17c /opt/devkitpro/libogc/lib/wii/libogc.a(gx.o)
                0x8001f888                GX_SetTevOrder
 .text.GX_SetTevKColorSel
                0x8001fa04       0x54 /opt/devkitpro/libogc/lib/wii/libogc.a(gx.o)
                0x8001fa04                GX_SetTevKColorSel
 .text.GX_SetTevKAlphaSel
                0x8001fa58       0x54 /opt/devkitpro/libogc/lib/wii/libogc.a(gx.o)
                0x8001fa58                GX_SetTevKAlphaSel
 .text.GX_SetTevSwapModeTable
                0x8001faac       0x64 /opt/devkitpro/libogc/lib/wii/libogc.a(gx.o)
                0x8001faac                GX_SetTevSwapModeTable
 .text.GX_SetFog
                0x8001fb10      0x244 /opt/devkitpro/libogc/lib/wii/libogc.a(gx.o)
                0x8001fb10                GX_SetFog
 .text.GX_SetColorUpdate
                0x8001fd54       0x30 /opt/devkitpro/libogc/lib/wii/libogc.a(gx.o)
                0x8001fd54                GX_SetColorUpdate
 .text.GX_SetPixelFmt
                0x8001fd84       0xe0 /opt/devkitpro/libogc/lib/wii/libogc.a(gx.o)
                0x8001fd84                GX_SetPixelFmt
 .text.GX_SetFieldMode
                0x8001fe64       0x58 /opt/devkitpro/libogc/lib/wii/libogc.a(gx.o)
                0x8001fe64                GX_SetFieldMode
 .text.GX_SetGPMetric
                0x8001febc      0x7fc /opt/devkitpro/libogc/lib/wii/libogc.a(gx.o)
                0x8001febc                GX_SetGPMetric
 .text.GX_Init  0x800206b8     0x1194 /opt/devkitpro/libogc/lib/wii/libogc.a(gx.o)
                0x800206b8                GX_Init
 .text.GX_GetYScaleFactor
                0x8002184c      0x2b4 /opt/devkitpro/libogc/lib/wii/libogc.a(gx.o)
                0x8002184c                GX_GetYScaleFactor
 .text.guPerspective
                0x80021b00       0xe4 /opt/devkitpro/libogc/lib/wii/libogc.a(gu.o)
                0x80021b00                guPerspective
 .text.guLookAt
                0x80021be4      0x13c /opt/devkitpro/libogc/lib/wii/libogc.a(gu.o)
                0x80021be4                guLookAt
 .text.ps_guMtxRotAxisRad
                0x80021d20       0x50 /opt/devkitpro/libogc/lib/wii/libogc.a(gu.o)
                0x80021d20                ps_guMtxRotAxisRad
 .text.__decrementer_init
                0x80021d70        0x4 /opt/devkitpro/libogc/lib/wii/libogc.a(decrementer.o)
                0x80021d70                __decrementer_init
 .text.c_decrementer_handler
                0x80021d74        0xc /opt/devkitpro/libogc/lib/wii/libogc.a(decrementer.o)
                0x80021d74                c_decrementer_handler
 .text.__lwp_mqbox_init
                0x80021d80       0x14 /opt/devkitpro/libogc/lib/wii/libogc.a(message.o)
                0x80021d80                __lwp_mqbox_init
 .text.__si_transfer
                0x80021d94      0x1a4 /opt/devkitpro/libogc/lib/wii/libogc.a(si.o)
 .text.__si_alarmhandler
                0x80021f38       0xdc /opt/devkitpro/libogc/lib/wii/libogc.a(si.o)
 .text.__si_completetransfer
                0x80022014      0x1fc /opt/devkitpro/libogc/lib/wii/libogc.a(si.o)
 .text.__si_transfernext
                0x80022210       0xe0 /opt/devkitpro/libogc/lib/wii/libogc.a(si.o)
 .text.SI_Busy  0x800222f0       0x18 /opt/devkitpro/libogc/lib/wii/libogc.a(si.o)
                0x800222f0                SI_Busy
 .text.SI_IsChanBusy
                0x80022308       0x38 /opt/devkitpro/libogc/lib/wii/libogc.a(si.o)
                0x80022308                SI_IsChanBusy
 .text.SI_SetXY
                0x80022340       0x64 /opt/devkitpro/libogc/lib/wii/libogc.a(si.o)
                0x80022340                SI_SetXY
 .text.SI_EnablePolling
                0x800223a4       0x80 /opt/devkitpro/libogc/lib/wii/libogc.a(si.o)
                0x800223a4                SI_EnablePolling
 .text.SI_DisablePolling
                0x80022424       0x58 /opt/devkitpro/libogc/lib/wii/libogc.a(si.o)
                0x80022424                SI_DisablePolling
 .text.SI_SetSamplingRate
                0x8002247c       0xd8 /opt/devkitpro/libogc/lib/wii/libogc.a(si.o)
                0x8002247c                SI_SetSamplingRate
 .text.SI_RefreshSamplingRate
                0x80022554        0x8 /opt/devkitpro/libogc/lib/wii/libogc.a(si.o)
                0x80022554                SI_RefreshSamplingRate
 .text.SI_GetStatus
                0x8002255c       0x78 /opt/devkitpro/libogc/lib/wii/libogc.a(si.o)
                0x8002255c                SI_GetStatus
 .text.SI_GetResponseRaw
                0x800225d4       0xe8 /opt/devkitpro/libogc/lib/wii/libogc.a(si.o)
                0x800225d4                SI_GetResponseRaw
 .text.SI_GetResponse
                0x800226bc       0xb8 /opt/devkitpro/libogc/lib/wii/libogc.a(si.o)
                0x800226bc                SI_GetResponse
 .text.SI_SetCommand
                0x80022774       0x10 /opt/devkitpro/libogc/lib/wii/libogc.a(si.o)
                0x80022774                SI_SetCommand
 .text.SI_Transfer
                0x80022784      0x26c /opt/devkitpro/libogc/lib/wii/libogc.a(si.o)
                0x80022784                SI_Transfer
 .text.__si_gettypecallback
                0x800229f0      0x2c0 /opt/devkitpro/libogc/lib/wii/libogc.a(si.o)
 .text.__si_interrupthandler
                0x80022cb0      0x268 /opt/devkitpro/libogc/lib/wii/libogc.a(si.o)
 .text.SI_GetType
                0x80022f18      0x1f4 /opt/devkitpro/libogc/lib/wii/libogc.a(si.o)
                0x80022f18                SI_GetType
 .text.SI_GetTypeAsync
                0x8002310c      0x138 /opt/devkitpro/libogc/lib/wii/libogc.a(si.o)
                0x8002310c                SI_GetTypeAsync
 .text.SI_EnablePollingInterrupt
                0x80023244       0x8c /opt/devkitpro/libogc/lib/wii/libogc.a(si.o)
                0x80023244                SI_EnablePollingInterrupt
 .text.SI_UnregisterPollingHandler
                0x800232d0       0xe0 /opt/devkitpro/libogc/lib/wii/libogc.a(si.o)
                0x800232d0                SI_UnregisterPollingHandler
 .text.__si_init
                0x800233b0       0xe8 /opt/devkitpro/libogc/lib/wii/libogc.a(si.o)
                0x800233b0                __si_init
 .text.TPL_GetTextureSize
                0x80023498       0x9c /opt/devkitpro/libogc/lib/wii/libogc.a(tpl.o)
 .text.TPL_OpenTPLFromMemory
                0x80023534       0xa4 /opt/devkitpro/libogc/lib/wii/libogc.a(tpl.o)
                0x80023534                TPL_OpenTPLFromMemory
 .text.TPL_GetTexture
                0x800235d8      0x200 /opt/devkitpro/libogc/lib/wii/libogc.a(tpl.o)
                0x800235d8                TPL_GetTexture
 .text.__ipc_sendrequest
                0x800237d8      0x104 /opt/devkitpro/libogc/lib/wii/libogc.a(ipc.o)
 .text.__ipc_syncrequest
                0x800238dc       0xe4 /opt/devkitpro/libogc/lib/wii/libogc.a(ipc.o)
 .text.__ioctlvfmtCB
                0x800239c0      0x158 /opt/devkitpro/libogc/lib/wii/libogc.a(ipc.o)
 .text.__ios_ioctlvformat_parse
                0x80023b18      0x820 /opt/devkitpro/libogc/lib/wii/libogc.a(ipc.o)
 .text.__ipc_asyncrequest
                0x80024338      0x13c /opt/devkitpro/libogc/lib/wii/libogc.a(ipc.o)
 .text.__ipc_interrupthandler
                0x80024474      0x34c /opt/devkitpro/libogc/lib/wii/libogc.a(ipc.o)
 .text.iosCreateHeap
                0x800247c0      0x130 /opt/devkitpro/libogc/lib/wii/libogc.a(ipc.o)
                0x800247c0                iosCreateHeap
 .text.iosAlloc
                0x800248f0       0x30 /opt/devkitpro/libogc/lib/wii/libogc.a(ipc.o)
                0x800248f0                iosAlloc
 .text.iosFree  0x80024920       0x28 /opt/devkitpro/libogc/lib/wii/libogc.a(ipc.o)
                0x80024920                iosFree
 .text.__IPC_ClntInit
                0x80024948       0xc8 /opt/devkitpro/libogc/lib/wii/libogc.a(ipc.o)
                0x80024948                __IPC_ClntInit
 .text.IOS_Open
                0x80024a10      0x110 /opt/devkitpro/libogc/lib/wii/libogc.a(ipc.o)
                0x80024a10                IOS_Open
 .text.IOS_Close
                0x80024b20       0xf0 /opt/devkitpro/libogc/lib/wii/libogc.a(ipc.o)
                0x80024b20                IOS_Close
 .text.IOS_CloseAsync
                0x80024c10       0xb4 /opt/devkitpro/libogc/lib/wii/libogc.a(ipc.o)
                0x80024c10                IOS_CloseAsync
 .text.IOS_Read
                0x80024cc4      0x10c /opt/devkitpro/libogc/lib/wii/libogc.a(ipc.o)
                0x80024cc4                IOS_Read
 .text.IOS_Write
                0x80024dd0      0x10c /opt/devkitpro/libogc/lib/wii/libogc.a(ipc.o)
                0x80024dd0                IOS_Write
 .text.IOS_Ioctl
                0x80024edc      0x158 /opt/devkitpro/libogc/lib/wii/libogc.a(ipc.o)
                0x80024edc                IOS_Ioctl
 .text.IOS_IoctlAsync
                0x80025034      0x148 /opt/devkitpro/libogc/lib/wii/libogc.a(ipc.o)
                0x80025034                IOS_IoctlAsync
 .text.IOS_Ioctlv
                0x8002517c      0x1f0 /opt/devkitpro/libogc/lib/wii/libogc.a(ipc.o)
                0x8002517c                IOS_Ioctlv
 .text.IOS_IoctlvAsync
                0x8002536c      0x1d4 /opt/devkitpro/libogc/lib/wii/libogc.a(ipc.o)
                0x8002536c                IOS_IoctlvAsync
 .text.IOS_IoctlvFormat
                0x80025540      0x16c /opt/devkitpro/libogc/lib/wii/libogc.a(ipc.o)
                0x80025540                IOS_IoctlvFormat
 .text.IOS_IoctlvReboot
                0x800256ac      0x1f4 /opt/devkitpro/libogc/lib/wii/libogc.a(ipc.o)
                0x800256ac                IOS_IoctlvReboot
 .text.gettick  0x800258a0        0x8 /opt/devkitpro/libogc/lib/wii/libogc.a(timesupp.o)
                0x800258a0                gettick
 .text.gettime  0x800258a8       0x18 /opt/devkitpro/libogc/lib/wii/libogc.a(timesupp.o)
                0x800258a8                gettime
 .text.settime  0x800258c0       0x14 /opt/devkitpro/libogc/lib/wii/libogc.a(timesupp.o)
                0x800258c0                settime
 .text.diff_usec
                0x800258d4       0x88 /opt/devkitpro/libogc/lib/wii/libogc.a(timesupp.o)
                0x800258d4                diff_usec
 .text.__timesystem_init
                0x8002595c       0x1c /opt/devkitpro/libogc/lib/wii/libogc.a(timesupp.o)
                0x8002595c                __timesystem_init
 .text.udelay   0x80025978       0xac /opt/devkitpro/libogc/lib/wii/libogc.a(timesupp.o)
                0x80025978                udelay
 .text.__libogc_nanosleep
                0x80025a24      0x144 /opt/devkitpro/libogc/lib/wii/libogc.a(timesupp.o)
                0x80025a24                __libogc_nanosleep
 .text.__syscall_lock_init
                0x80025b68       0x6c /opt/devkitpro/libogc/lib/wii/libogc.a(lock_supp.o)
                0x80025b68                __syscall_lock_init
 .text.__syscall_lock_init_recursive
                0x80025bd4       0x6c /opt/devkitpro/libogc/lib/wii/libogc.a(lock_supp.o)
                0x80025bd4                __syscall_lock_init_recursive
 .text.__syscall_lock_close
                0x80025c40       0x68 /opt/devkitpro/libogc/lib/wii/libogc.a(lock_supp.o)
                0x80025c40                __syscall_lock_close
 .text.__syscall_lock_acquire
                0x80025ca8       0x18 /opt/devkitpro/libogc/lib/wii/libogc.a(lock_supp.o)
                0x80025ca8                __syscall_lock_acquire
 .text.__syscall_lock_release
                0x80025cc0       0x18 /opt/devkitpro/libogc/lib/wii/libogc.a(lock_supp.o)
                0x80025cc0                __syscall_lock_release
 .text._sbrk_r  0x80025cd8      0x28c /opt/devkitpro/libogc/lib/wii/libogc.a(sbrk.o)
                0x80025cd8                _sbrk_r
 .text.__memlock_init
                0x80025f64       0x7c /opt/devkitpro/libogc/lib/wii/libogc.a(malloc_lock.o)
                0x80025f64                __memlock_init
 .text.__libogc_malloc_lock
                0x80025fe0      0x1fc /opt/devkitpro/libogc/lib/wii/libogc.a(malloc_lock.o)
                0x80025fe0                __libogc_malloc_lock
 .text.__libogc_malloc_unlock
                0x800261dc       0x64 /opt/devkitpro/libogc/lib/wii/libogc.a(malloc_lock.o)
                0x800261dc                __libogc_malloc_unlock
 .text.__STM_SetEventHook
                0x80026240       0xb0 /opt/devkitpro/libogc/lib/wii/libogc.a(stm.o)
                0x80026240                __STM_SetEventHook
 .text.__STM_Init
                0x800262f0       0x8c /opt/devkitpro/libogc/lib/wii/libogc.a(stm.o)
                0x800262f0                __STM_Init
 .text.__STMEventHandler
                0x8002637c       0x64 /opt/devkitpro/libogc/lib/wii/libogc.a(stm.o)
 .text.__STM_ReleaseEventHook
                0x800263e0       0x80 /opt/devkitpro/libogc/lib/wii/libogc.a(stm.o)
                0x800263e0                __STM_ReleaseEventHook
 .text.__STM_Close
                0x80026460       0xac /opt/devkitpro/libogc/lib/wii/libogc.a(stm.o)
                0x80026460                __STM_Close
 .text.STM_RegisterEventHandler
                0x8002650c       0x10 /opt/devkitpro/libogc/lib/wii/libogc.a(stm.o)
                0x8002650c                STM_RegisterEventHandler
 .text.STM_ShutdownToStandby
                0x8002651c       0x50 /opt/devkitpro/libogc/lib/wii/libogc.a(stm.o)
                0x8002651c                STM_ShutdownToStandby
 .text.STM_ShutdownToIdle
                0x8002656c       0x70 /opt/devkitpro/libogc/lib/wii/libogc.a(stm.o)
                0x8002656c                STM_ShutdownToIdle
 .text.STM_SetLedMode
                0x800265dc       0x40 /opt/devkitpro/libogc/lib/wii/libogc.a(stm.o)
                0x800265dc                STM_SetLedMode
 .text.STM_RebootSystem
                0x8002661c       0x50 /opt/devkitpro/libogc/lib/wii/libogc.a(stm.o)
                0x8002661c                STM_RebootSystem
 .text.__IOS_InitializeSubsystems
                0x8002666c       0x44 /opt/devkitpro/libogc/lib/wii/libogc.a(ios.o)
                0x8002666c                __IOS_InitializeSubsystems
 .text.__IOS_ShutdownSubsystems
                0x800266b0       0x44 /opt/devkitpro/libogc/lib/wii/libogc.a(ios.o)
                0x800266b0                __IOS_ShutdownSubsystems
 .text.__IOS_LoadStartupIOS
                0x800266f4        0x8 /opt/devkitpro/libogc/lib/wii/libogc.a(ios.o)
                0x800266f4                __IOS_LoadStartupIOS
 .text._ES_fstat_r
                0x800266fc      0x120 /opt/devkitpro/libogc/lib/wii/libogc.a(es.o)
 .text._ES_seek_r
                0x8002681c       0xdc /opt/devkitpro/libogc/lib/wii/libogc.a(es.o)
 .text._ES_close_r
                0x800268f8       0xac /opt/devkitpro/libogc/lib/wii/libogc.a(es.o)
 .text.__ES_Init
                0x800269a4       0x78 /opt/devkitpro/libogc/lib/wii/libogc.a(es.o)
                0x800269a4                __ES_Init
 .text.__ES_Close
                0x80026a1c       0x54 /opt/devkitpro/libogc/lib/wii/libogc.a(es.o)
                0x80026a1c                __ES_Close
 .text.ES_GetTitleID
                0x80026a70       0x94 /opt/devkitpro/libogc/lib/wii/libogc.a(es.o)
                0x80026a70                ES_GetTitleID
 .text.ES_LaunchTitle
                0x80026b04       0xa4 /opt/devkitpro/libogc/lib/wii/libogc.a(es.o)
                0x80026b04                ES_LaunchTitle
 .text.ES_GetNumTicketViews
                0x80026ba8       0x98 /opt/devkitpro/libogc/lib/wii/libogc.a(es.o)
                0x80026ba8                ES_GetNumTicketViews
 .text.ES_GetTicketViews
                0x80026c40       0x8c /opt/devkitpro/libogc/lib/wii/libogc.a(es.o)
                0x80026c40                ES_GetTicketViews
 .text.ES_GetStoredTMD
                0x80026ccc       0x90 /opt/devkitpro/libogc/lib/wii/libogc.a(es.o)
                0x80026ccc                ES_GetStoredTMD
 .text._ES_decodepath
                0x80026d5c      0x440 /opt/devkitpro/libogc/lib/wii/libogc.a(es.o)
 .text._ES_stat_r
                0x8002719c       0xf4 /opt/devkitpro/libogc/lib/wii/libogc.a(es.o)
 .text._ES_open_r
                0x80027290      0x1d0 /opt/devkitpro/libogc/lib/wii/libogc.a(es.o)
 .text.ES_ReadContent
                0x80027460       0x6c /opt/devkitpro/libogc/lib/wii/libogc.a(es.o)
                0x80027460                ES_ReadContent
 .text._ES_read_r
                0x800274cc      0x17c /opt/devkitpro/libogc/lib/wii/libogc.a(es.o)
 .text.__usbv5_devicechangeCB
                0x80027648      0x180 /opt/devkitpro/libogc/lib/wii/libogc.a(usb.o)
 .text.__usbv5_attachfinishCB
                0x800277c8       0xcc /opt/devkitpro/libogc/lib/wii/libogc.a(usb.o)
 .text.__usbv5_messageCB
                0x80027894       0x5c /opt/devkitpro/libogc/lib/wii/libogc.a(usb.o)
 .text.__usbv0_messageCB
                0x800278f0       0xa8 /opt/devkitpro/libogc/lib/wii/libogc.a(usb.o)
 .text.__usb_control_message
                0x80027998      0x428 /opt/devkitpro/libogc/lib/wii/libogc.a(usb.o)
 .text.__usb_interrupt_bulk_message
                0x80027dc0      0x2c0 /opt/devkitpro/libogc/lib/wii/libogc.a(usb.o)
 .text.USB_FreeDescriptors.part.0
                0x80028080       0xfc /opt/devkitpro/libogc/lib/wii/libogc.a(usb.o)
 .text.USB_GetDescriptors.part.0
                0x8002817c      0x674 /opt/devkitpro/libogc/lib/wii/libogc.a(usb.o)
 .text.USBV5_SuspendResume
                0x800287f0      0x138 /opt/devkitpro/libogc/lib/wii/libogc.a(usb.o)
 .text.USBV5_GetDescriptors
                0x80028928      0x518 /opt/devkitpro/libogc/lib/wii/libogc.a(usb.o)
 .text.USB_Deinitialize
                0x80028e40       0xc8 /opt/devkitpro/libogc/lib/wii/libogc.a(usb.o)
                0x80028e40                USB_Deinitialize
 .text.USB_Initialize
                0x80028f08      0x2f8 /opt/devkitpro/libogc/lib/wii/libogc.a(usb.o)
                0x80028f08                USB_Initialize
 .text.USB_OpenDevice
                0x80029200      0x2b8 /opt/devkitpro/libogc/lib/wii/libogc.a(usb.o)
                0x80029200                USB_OpenDevice
 .text.USBV5_CloseDevice
                0x800294b8      0x128 /opt/devkitpro/libogc/lib/wii/libogc.a(usb.o)
                0x800294b8                USBV5_CloseDevice
 .text.USB_CloseDeviceAsync
                0x800295e0       0xd0 /opt/devkitpro/libogc/lib/wii/libogc.a(usb.o)
                0x800295e0                USB_CloseDeviceAsync
 .text.USB_ReadIntrMsgAsync
                0x800296b0       0x28 /opt/devkitpro/libogc/lib/wii/libogc.a(usb.o)
                0x800296b0                USB_ReadIntrMsgAsync
 .text.USB_ReadBlkMsgAsync
                0x800296d8       0x28 /opt/devkitpro/libogc/lib/wii/libogc.a(usb.o)
                0x800296d8                USB_ReadBlkMsgAsync
 .text.USB_WriteBlkMsgAsync
                0x80029700       0x28 /opt/devkitpro/libogc/lib/wii/libogc.a(usb.o)
                0x80029700                USB_WriteBlkMsgAsync
 .text.USB_WriteCtrlMsgAsync
                0x80029728        0x4 /opt/devkitpro/libogc/lib/wii/libogc.a(usb.o)
                0x80029728                USB_WriteCtrlMsgAsync
 .text.__CheckARGV
                0x8002972c       0x80 /opt/devkitpro/libogc/lib/wii/libogc.a(argv.o)
                0x8002972c                __CheckARGV
 .text.CONF_Init
                0x800297ac      0x184 /opt/devkitpro/libogc/lib/wii/libogc.a(conf.o)
                0x800297ac                CONF_Init
 .text.__CONF_GetTxt
                0x80029930      0x208 /opt/devkitpro/libogc/lib/wii/libogc.a(conf.o)
                0x80029930                __CONF_GetTxt
 .text.__CONF_Find
                0x80029b38       0xfc /opt/devkitpro/libogc/lib/wii/libogc.a(conf.o)
                0x80029b38                __CONF_Find
 .text.CONF_GetLength
                0x80029c34      0x12c /opt/devkitpro/libogc/lib/wii/libogc.a(conf.o)
                0x80029c34                CONF_GetLength
 .text.CONF_Get
                0x80029d60      0x140 /opt/devkitpro/libogc/lib/wii/libogc.a(conf.o)
                0x80029d60                CONF_Get
 .text.CONF_GetShutdownMode
                0x80029ea0       0x54 /opt/devkitpro/libogc/lib/wii/libogc.a(conf.o)
                0x80029ea0                CONF_GetShutdownMode
 .text.CONF_GetIdleLedMode
                0x80029ef4       0x54 /opt/devkitpro/libogc/lib/wii/libogc.a(conf.o)
                0x80029ef4                CONF_GetIdleLedMode
 .text.CONF_GetProgressiveScan
                0x80029f48       0x54 /opt/devkitpro/libogc/lib/wii/libogc.a(conf.o)
                0x80029f48                CONF_GetProgressiveScan
 .text.CONF_GetEuRGB60
                0x80029f9c       0x54 /opt/devkitpro/libogc/lib/wii/libogc.a(conf.o)
                0x80029f9c                CONF_GetEuRGB60
 .text.CONF_GetIRSensitivity
                0x80029ff0       0x54 /opt/devkitpro/libogc/lib/wii/libogc.a(conf.o)
                0x80029ff0                CONF_GetIRSensitivity
 .text.CONF_GetSensorBarPosition
                0x8002a044       0x54 /opt/devkitpro/libogc/lib/wii/libogc.a(conf.o)
                0x8002a044                CONF_GetSensorBarPosition
 .text.CONF_GetCounterBias
                0x8002a098       0x4c /opt/devkitpro/libogc/lib/wii/libogc.a(conf.o)
                0x8002a098                CONF_GetCounterBias
 .text.CONF_GetDisplayOffsetH
                0x8002a0e4       0x4c /opt/devkitpro/libogc/lib/wii/libogc.a(conf.o)
                0x8002a0e4                CONF_GetDisplayOffsetH
 .text.CONF_GetPadDevices
                0x8002a130       0x4c /opt/devkitpro/libogc/lib/wii/libogc.a(conf.o)
                0x8002a130                CONF_GetPadDevices
 .text.CONF_GetVideo
                0x8002a17c       0x88 /opt/devkitpro/libogc/lib/wii/libogc.a(conf.o)
                0x8002a17c                CONF_GetVideo
 .text.__WII_WriteNANDBootInfo.isra.0
                0x8002a204       0xbc /opt/devkitpro/libogc/lib/wii/libogc.a(wiilaunch.o)
 .text.__WII_WriteStateFlags.isra.0
                0x8002a2c0       0x94 /opt/devkitpro/libogc/lib/wii/libogc.a(wiilaunch.o)
 .text.WII_Initialize
                0x8002a354      0x188 /opt/devkitpro/libogc/lib/wii/libogc.a(wiilaunch.o)
                0x8002a354                WII_Initialize
 .text.WII_LaunchTitle
                0x8002a4dc      0x1ac /opt/devkitpro/libogc/lib/wii/libogc.a(wiilaunch.o)
                0x8002a4dc                WII_LaunchTitle
 .text.WII_ReturnToMenu
                0x8002a688       0x58 /opt/devkitpro/libogc/lib/wii/libogc.a(wiilaunch.o)
                0x8002a688                WII_ReturnToMenu
 .text.__lwp_priority_init
                0x8002a6e0       0x1c /opt/devkitpro/libogc/lib/wii/libogc.a(lwp_priority.o)
                0x8002a6e0                __lwp_priority_init
 .text.__lwp_threadqueue_enqueuefifo
                0x8002a6fc      0x12c /opt/devkitpro/libogc/lib/wii/libogc.a(lwp_threadq.o)
                0x8002a6fc                __lwp_threadqueue_enqueuefifo
 .text.__lwp_threadqueue_dequeuefifo
                0x8002a828      0x134 /opt/devkitpro/libogc/lib/wii/libogc.a(lwp_threadq.o)
                0x8002a828                __lwp_threadqueue_dequeuefifo
 .text.__lwp_threadqueue_enqueuepriority
                0x8002a95c      0x334 /opt/devkitpro/libogc/lib/wii/libogc.a(lwp_threadq.o)
                0x8002a95c                __lwp_threadqueue_enqueuepriority
 .text.__lwp_threadqueue_dequeuepriority
                0x8002ac90      0x1d8 /opt/devkitpro/libogc/lib/wii/libogc.a(lwp_threadq.o)
                0x8002ac90                __lwp_threadqueue_dequeuepriority
 .text.__lwp_threadqueue_init
                0x8002ae68       0x64 /opt/devkitpro/libogc/lib/wii/libogc.a(lwp_threadq.o)
                0x8002ae68                __lwp_threadqueue_init
 .text.__lwp_threadqueue_enqueue
                0x8002aecc      0x138 /opt/devkitpro/libogc/lib/wii/libogc.a(lwp_threadq.o)
                0x8002aecc                __lwp_threadqueue_enqueue
 .text.__lwp_threadqueue_dequeue
                0x8002b004       0x24 /opt/devkitpro/libogc/lib/wii/libogc.a(lwp_threadq.o)
                0x8002b004                __lwp_threadqueue_dequeue
 .text.__lwp_threadqueue_flush
                0x8002b028       0x68 /opt/devkitpro/libogc/lib/wii/libogc.a(lwp_threadq.o)
                0x8002b028                __lwp_threadqueue_flush
 .text.__lwp_threadqueue_extractfifo
                0x8002b090       0xe8 /opt/devkitpro/libogc/lib/wii/libogc.a(lwp_threadq.o)
                0x8002b090                __lwp_threadqueue_extractfifo
 .text.__lwp_threadqueue_extractpriority
                0x8002b178      0x148 /opt/devkitpro/libogc/lib/wii/libogc.a(lwp_threadq.o)
                0x8002b178                __lwp_threadqueue_extractpriority
 .text.__lwp_threadqueue_timeout